Component: ARM Compiler 5.06 update 7 (build 960) Tool: armlink [4d3601]

==============================================================================

Section Cross References

    startup.o(STACK) refers (Special) to heapauxi.o(.text) for __use_two_region_memory
    startup.o(HEAP) refers (Special) to heapauxi.o(.text) for __use_two_region_memory
    startup.o(RESET) refers (Special) to heapauxi.o(.text) for __use_two_region_memory
    startup.o(RESET) refers to startup.o(STACK) for StackMem
    startup.o(RESET) refers to lab10.o(i.SysTick_Handler) for SysTick_Handler
    startup.o(RESET) refers to switch.o(i.GPIOPortC_Handler) for GPIOPortC_Handler
    startup.o(RESET) refers to switch.o(i.GPIOPortE_Handler) for GPIOPortE_Handler
    startup.o(RESET) refers to timer0.o(i.Timer0A_Handler) for Timer0A_Handler
    startup.o(RESET) refers to timer1.o(i.Timer1A_Handler) for Timer1A_Handler
    startup.o(RESET) refers to texas.o(i.Timer5A_Handler) for Timer5A_Handler
    startup.o(RESET) refers to __main.o(!!!main) for __main
    startup.o(.text) refers (Special) to heapauxi.o(.text) for __use_two_region_memory
    startup.o(.text) refers to startup.o(HEAP) for HeapMem
    startup.o(.text) refers to startup.o(STACK) for StackMem
    random.o(.text) refers to random.o(DATA) for M
    lab10.o(i.CreateMissile) refers to daddsub_clz.o(x$fpl$dsub) for __aeabi_dsub
    lab10.o(i.CreateMissile) refers to lab10.o(.bss) for Missiles
    lab10.o(i.CreateMissile) refers to lab10.o(.data) for NeedToDraw
    lab10.o(i.Draw) refers to ssd1306.o(i.SSD1306_ClearBuffer) for SSD1306_ClearBuffer
    lab10.o(i.Draw) refers to dfixu.o(x$fpl$dfixu) for __aeabi_d2uiz
    lab10.o(i.Draw) refers to ssd1306.o(i.SSD1306_DrawBMP) for SSD1306_DrawBMP
    lab10.o(i.Draw) refers to lab10.o(i.SSD1306_DrawUDec2) for SSD1306_DrawUDec2
    lab10.o(i.Draw) refers to ssd1306.o(i.SSD1306_OutBuffer) for SSD1306_OutBuffer
    lab10.o(i.Draw) refers to lab10.o(.bss) for Player
    lab10.o(i.Draw) refers to lab10.o(.constdata) for heart
    lab10.o(i.Draw) refers to lab10.o(.data) for lives
    lab10.o(i.Init) refers to lab10.o(.bss) for Enemies
    lab10.o(i.Init) refers to lab10.o(.constdata) for Alien10pointA
    lab10.o(i.Init) refers to lab10.o(.data) for NeedToDraw
    lab10.o(i.Move) refers to adc.o(i.ADC_In) for ADC_In
    lab10.o(i.Move) refers to drleqf.o(x$fpl$drleqf) for __aeabi_cdrcmple
    lab10.o(i.Move) refers to dleqf.o(x$fpl$dleqf) for __aeabi_cdcmple
    lab10.o(i.Move) refers to daddsub_clz.o(x$fpl$dadd) for __aeabi_dadd
    lab10.o(i.Move) refers to daddsub_clz.o(x$fpl$dsub) for __aeabi_dsub
    lab10.o(i.Move) refers to dfixu.o(x$fpl$dfixu) for __aeabi_d2uiz
    lab10.o(i.Move) refers to sound.o(i.Sound_Explosion) for Sound_Explosion
    lab10.o(i.Move) refers to lab10.o(.bss) for Player
    lab10.o(i.Move) refers to lab10.o(.data) for NeedToDraw
    lab10.o(i.ReturnFire) refers to daddsub_clz.o(x$fpl$dadd) for __aeabi_dadd
    lab10.o(i.ReturnFire) refers to lab10.o(.bss) for eLasers
    lab10.o(i.SSD1306_DrawUDec2) refers to ssd1306.o(i.SSD1306_DrawString) for SSD1306_DrawString
    lab10.o(i.SysTick_Handler) refers to lab10.o(i.Move) for Move
    lab10.o(i.main) refers to startup.o(.text) for DisableInterrupts
    lab10.o(i.main) refers to texas.o(i.TExaS_Init) for TExaS_Init
    lab10.o(i.main) refers to ssd1306.o(i.SSD1306_Init) for SSD1306_Init
    lab10.o(i.main) refers to ssd1306.o(i.SSD1306_OutClear) for SSD1306_OutClear
    lab10.o(i.main) refers to adc.o(i.ADC_Init) for ADC_Init
    lab10.o(i.main) refers to switch.o(i.Button_Init) for Button_Init
    lab10.o(i.main) refers to sound.o(i.Sound_Init) for Sound_Init
    lab10.o(i.main) refers to lab10.o(i.SysTick_Init) for SysTick_Init
    lab10.o(i.main) refers to random.o(.text) for Random_Init
    lab10.o(i.main) refers to lab10.o(i.Profile_Init) for Profile_Init
    lab10.o(i.main) refers to ssd1306.o(i.SSD1306_ClearBuffer) for SSD1306_ClearBuffer
    lab10.o(i.main) refers to ssd1306.o(i.SSD1306_DrawBMP) for SSD1306_DrawBMP
    lab10.o(i.main) refers to ssd1306.o(i.SSD1306_OutBuffer) for SSD1306_OutBuffer
    lab10.o(i.main) refers to ssd1306.o(i.SSD1306_SetCursor) for SSD1306_SetCursor
    lab10.o(i.main) refers to ssd1306.o(i.SSD1306_OutString) for SSD1306_OutString
    lab10.o(i.main) refers to lab10.o(i.Init) for Init
    lab10.o(i.main) refers to lab10.o(i.Draw) for Draw
    lab10.o(i.main) refers to lab10.o(i.ReturnFire) for ReturnFire
    lab10.o(i.main) refers to lab10.o(i.CreateMissile) for CreateMissile
    lab10.o(i.main) refers to sound.o(i.Sound_Shoot) for Sound_Shoot
    lab10.o(i.main) refers to sound.o(i.Sound_HighPitch) for Sound_HighPitch
    lab10.o(i.main) refers to sound.o(i.Sound_Explosion) for Sound_Explosion
    lab10.o(i.main) refers to ssd1306.o(i.SSD1306_OutUDec) for SSD1306_OutUDec
    lab10.o(i.main) refers to lab10.o(i.LogicAnalyzerTask) for LogicAnalyzerTask
[...]
    dfixu.o(x$fpl$dfixu) refers to dnaninf.o(x$fpl$dnaninf) for __fpl_dnaninf
    dfixu.o(x$fpl$dfixur) refers (Special) to usenofp.o(x$fpl$usenofp) for __I$use$fp
    dfixu.o(x$fpl$dfixur) refers to dnaninf.o(x$fpl$dnaninf) for __fpl_dnaninf
    dleqf.o(x$fpl$dleqf) refers (Special) to usenofp.o(x$fpl$usenofp) for __I$use$fp
    dleqf.o(x$fpl$dleqf) refers to dnaninf.o(x$fpl$dnaninf) for __fpl_dnaninf
    dleqf.o(x$fpl$dleqf) refers to dcmpi.o(x$fpl$dcmpinf) for __fpl_dcmp_Inf
    drleqf.o(x$fpl$drleqf) refers (Special) to usenofp.o(x$fpl$usenofp) for __I$use$fp
    drleqf.o(x$fpl$drleqf) refers to dleqf.o(x$fpl$dleqf) for __fpl_dcmple_InfNaN
    __rtentry.o(.ARM.Collect$$rtentry$$00000000) refers (Special) to __rtentry2.o(.ARM.Collect$$rtentry$$0000000A) for __rt_entry_li
    __rtentry.o(.ARM.Collect$$rtentry$$00000000) refers (Special) to __rtentry2.o(.ARM.Collect$$rtentry$$0000000D) for __rt_entry_main
    __rtentry.o(.ARM.Collect$$rtentry$$00000000) refers (Special) to __rtentry2.o(.ARM.Collect$$rtentry$$0000000C) for __rt_entry_postli_1
    __rtentry.o(.ARM.Collect$$rtentry$$00000000) refers (Special) to __rtentry2.o(.ARM.Collect$$rtentry$$00000009) for __rt_entry_postsh_1
    __rtentry.o(.ARM.Collect$$rtentry$$00000000) refers (Special) to __rtentry2.o(.ARM.Collect$$rtentry$$00000002) for __rt_entry_presh_1
    __rtentry.o(.ARM.Collect$$rtentry$$00000000) refers (Special) to __rtentry4.o(.ARM.Collect$$rtentry$$00000004) for __rt_entry_sh
    dcmpi.o(x$fpl$dcmpinf) refers (Special) to usenofp.o(x$fpl$usenofp) for __I$use$fp
    dnaninf.o(x$fpl$dnaninf) refers (Special) to usenofp.o(x$fpl$usenofp) for __I$use$fp
    dretinf.o(x$fpl$dretinf) refers (Special) to usenofp.o(x$fpl$usenofp) for __I$use$fp
    __rtentry2.o(.ARM.Collect$$rtentry$$00000008) refers to boardinit2.o(.text) for _platform_post_stackheap_init
    __rtentry2.o(.ARM.Collect$$rtentry$$0000000A) refers to libinit.o(.ARM.Collect$$libinit$$00000000) for __rt_lib_init
    __rtentry2.o(.ARM.Collect$$rtentry$$0000000B) refers to boardinit3.o(.text) for _platform_post_lib_init
    __rtentry2.o(.ARM.Collect$$rtentry$$0000000D) refers to lab10.o(i.main) for main
    __rtentry2.o(.ARM.Collect$$rtentry$$0000000D) refers to exit.o(.text) for exit
    __rtentry2.o(.ARM.exidx) refers to __rtentry2.o(.ARM.Collect$$rtentry$$00000001) for .ARM.Collect$$rtentry$$00000001
    __rtentry2.o(.ARM.exidx) refers to __rtentry2.o(.ARM.Collect$$rtentry$$00000008) for .ARM.Collect$$rtentry$$00000008
    __rtentry2.o(.ARM.exidx) refers to __rtentry2.o(.ARM.Collect$$rtentry$$0000000A) for .ARM.Collect$$rtentry$$0000000A
    __rtentry2.o(.ARM.exidx) refers to __rtentry2.o(.ARM.Collect$$rtentry$$0000000B) for .ARM.Collect$$rtentry$$0000000B
    __rtentry2.o(.ARM.exidx) refers to __rtentry2.o(.ARM.Collect$$rtentry$$0000000D) for .ARM.Collect$$rtentry$$0000000D
    __rtentry4.o(.ARM.Collect$$rtentry$$00000004) refers to sys_stackheap_outer.o(.text) for __user_setup_stackheap
    __rtentry4.o(.ARM.exidx) refers to __rtentry4.o(.ARM.Collect$$rtentry$$00000004) for .ARM.Collect$$rtentry$$00000004
    sys_stackheap_outer.o(.text) refers to libspace.o(.text) for __user_perproc_libspace
    sys_stackheap_outer.o(.text) refers to startup.o(.text) for __user_initial_stackheap
    exit.o(.text) refers to rtexit.o(.ARM.Collect$$rtexit$$00000000) for __rt_exit
    libinit.o(.ARM.Collect$$libinit$$00000000) refers (Special) to libinit2.o(.ARM.Collect$$libinit$$0000002E) for __rt_lib_init_alloca_1
    libinit.o(.ARM.Collect$$libinit$$00000000) refers (Special) to libinit2.o(.ARM.Collect$$libinit$$0000002C) for __rt_lib_init_argv_1
    libinit.o(.ARM.Collect$$libinit$$00000000) refers (Special) to libinit2.o(.ARM.Collect$$libinit$$0000001B) for __rt_lib_init_atexit_1
    libinit.o(.ARM.Collect$$libinit$$00000000) refers (Special) to libinit2.o(.ARM.Collect$$libinit$$00000021) for __rt_lib_init_clock_1
    libinit.o(.ARM.Collect$$libinit$$00000000) refers (Special) to libinit2.o(.ARM.Collect$$libinit$$00000032) for __rt_lib_init_cpp_1
    libinit.o(.ARM.Collect$$libinit$$00000000) refers (Special) to libinit2.o(.ARM.Collect$$libinit$$00000030) for __rt_lib_init_exceptions_1
    libinit.o(.ARM.Collect$$libinit$$00000000) refers (Special) to libinit2.o(.ARM.Collect$$libinit$$00000002) for __rt_lib_init_fp_1
    libinit.o(.ARM.Collect$$libinit$$00000000) refers (Special) to libinit2.o(.ARM.Collect$$libinit$$0000001F) for __rt_lib_init_fp_trap_1
    libinit.o(.ARM.Collect$$libinit$$00000000) refers (Special) to libinit2.o(.ARM.Collect$$libinit$$00000023) for __rt_lib_init_getenv_1
    libinit.o(.ARM.Collect$$libinit$$00000000) refers (Special) to libinit2.o(.ARM.Collect$$libinit$$0000000A) for __rt_lib_init_heap_1
    libinit.o(.ARM.Collect$$libinit$$00000000) refers (Special) to libinit2.o(.ARM.Collect$$libinit$$00000011) for __rt_lib_init_lc_collate_1
    libinit.o(.ARM.Collect$$libinit$$00000000) refers (Special) to libinit2.o(.ARM.Collect$$libinit$$00000013) for __rt_lib_init_lc_ctype_1
    libinit.o(.ARM.Collect$$libinit$$00000000) refers (Special) to libinit2.o(.ARM.Collect$$libinit$$00000015) for __rt_lib_init_lc_monetary_1
    libinit.o(.ARM.Collect$$libinit$$00000000) refers (Special) to libinit2.o(.ARM.Collect$$libinit$$00000017) for __rt_lib_init_lc_numeric_1
    libinit.o(.ARM.Collect$$libinit$$00000000) refers (Special) to libinit2.o(.ARM.Collect$$libinit$$00000019) for __rt_lib_init_lc_time_1
    libinit.o(.ARM.Collect$$libinit$$00000000) refers (Special) to libinit2.o(.ARM.Collect$$libinit$$00000004) for __rt_lib_init_preinit_1
    libinit.o(.ARM.Collect$$libinit$$00000000) refers (Special) to libinit2.o(.ARM.Collect$$libinit$$0000000E) for __rt_lib_init_rand_1
    libinit.o(.ARM.Collect$$libinit$$00000000) refers (Special) to libinit2.o(.ARM.Collect$$libinit$$00000033) for __rt_lib_init_return
    libinit.o(.ARM.Collect$$libinit$$00000000) refers (Special) to libinit2.o(.ARM.Collect$$libinit$$0000001D) for __rt_lib_init_signal_1
    libinit.o(.ARM.Collect$$libinit$$00000000) refers (Special) to libinit2.o(.ARM.Collect$$libinit$$00000025) for __rt_lib_init_stdio_1
    libinit.o(.ARM.Collect$$libinit$$00000000) refers (Special) to libinit2.o(.ARM.Collect$$libinit$$0000000C) for __rt_lib_init_user_alloc_1
    libspace.o(.text) refers to libspace.o(.bss) for __libspace_start
    rtexit.o(.ARM.Collect$$rtexit$$00000000) refers (Special) to rtexit2.o(.ARM.Collect$$rtexit$$00000004) for __rt_exit_exit
    rtexit.o(.ARM.Collect$$rtexit$$00000000) refers (Special) to rtexit2.o(.ARM.Collect$$rtexit$$00000003) for __rt_exit_ls
    rtexit.o(.ARM.Collect$$rtexit$$00000000) refers (Special) to rtexit2.o(.ARM.Collect$$rtexit$$00000002) for __rt_exit_prels_1
    rtexit.o(.ARM.exidx) refers (Special) to rtexit2.o(.ARM.Collect$$rtexit$$00000004) for __rt_exit_exit
    rtexit.o(.ARM.exidx) refers (Special) to rtexit2.o(.ARM.Collect$$rtexit$$00000003) for __rt_exit_ls
    rtexit.o(.ARM.exidx) refers (Special) to rtexit2.o(.ARM.Collect$$rtexit$$00000002) for __rt_exit_prels_1
    rtexit.o(.ARM.exidx) refers to rtexit.o(.ARM.Collect$$rtexit$$00000000) for .ARM.Collect$$rtexit$$00000000
    libinit2.o(.ARM.Collect$$libinit$$00000010) refers to libinit2.o(.ARM.Collect$$libinit$$0000000F) for .ARM.Collect$$libinit$$0000000F
    libinit2.o(.ARM.Collect$$libinit$$00000012) refers to libinit2.o(.ARM.Collect$$libinit$$0000000F) for .ARM.Collect$$libinit$$0000000F
    libinit2.o(.ARM.Collect$$libinit$$00000014) refers to libinit2.o(.ARM.Collect$$libinit$$0000000F) for .ARM.Collect$$libinit$$0000000F
    libinit2.o(.ARM.Collect$$libinit$$00000016) refers to libinit2.o(.ARM.Collect$$libinit$$0000000F) for .ARM.Collect$$libinit$$0000000F
    libinit2.o(.ARM.Collect$$libinit$$00000018) refers to libinit2.o(.ARM.Collect$$libinit$$0000000F) for .ARM.Collect$$libinit$$0000000F
    libinit2.o(.ARM.Collect$$libinit$$00000026) refers to argv_veneer.o(.emb_text) for __ARM_argv_veneer
    libinit2.o(.ARM.Collect$$libinit$$00000027) refers to argv_veneer.o(.emb_text) for __ARM_argv_veneer
    rtexit2.o(.ARM.Collect$$rtexit$$00000003) refers to libshutdown.o(.ARM.Collect$$libshutdown$$00000000) for __rt_lib_shutdown
    rtexit2.o(.ARM.Collect$$rtexit$$00000004) refers to sys_exit.o(.text) for _sys_exit
    rtexit2.o(.ARM.exidx) refers to rtexit2.o(.ARM.Collect$$rtexit$$00000001) for .ARM.Collect$$rtexit$$00000001
    rtexit2.o(.ARM.exidx) refers to rtexit2.o(.ARM.Collect$$rtexit$$00000003) for .ARM.Collect$$rtexit$$00000003
    rtexit2.o(.ARM.exidx) refers to rtexit2.o(.ARM.Collect$$rtexit$$00000004) for .ARM.Collect$$rtexit$$00000004
    argv_veneer.o(.emb_text) refers to no_argv.o(.text) for __ARM_get_argv
    sys_exit.o(.text) refers (Special) to use_no_semi.o(.text) for __I$use$semihosting
    sys_exit.o(.text) refers (Special) to indicate_semi.o(.text) for __semihosting_library_function
    _get_argv_nomalloc.o(.text) refers (Special) to hrguard.o(.text) for __heap_region$guard
    _get_argv_nomalloc.o(.text) refers to defsig_rtmem_outer.o(.text) for __rt_SIGRTMEM
    _get_argv_nomalloc.o(.text) refers to sys_command.o(.text) for _sys_command_string
    libshutdown.o(.ARM.Collect$$libshutdown$$00000000) refers (Special) to libshutdown2.o(.ARM.Collect$$libshutdown$$00000004) for __rt_lib_shutdown_cpp_1
    libshutdown.o(.ARM.Collect$$libshutdown$$00000000) refers (Special) to libshutdown2.o(.ARM.Collect$$libshutdown$$00000002) for __rt_lib_shutdown_fini_1
    libshutdown.o(.ARM.Collect$$libshutdown$$00000000) refers (Special) to libshutdown2.o(.ARM.Collect$$libshutdown$$00000009) for __rt_lib_shutdown_fp_trap_1
    libshutdown.o(.ARM.Collect$$libshutdown$$00000000) refers (Special) to libshutdown2.o(.ARM.Collect$$libshutdown$$00000011) for __rt_lib_shutdown_heap_1
    libshutdown.o(.ARM.Collect$$libshutdown$$00000000) refers (Special) to libshutdown2.o(.ARM.Collect$$libshutdown$$00000012) for __rt_lib_shutdown_return
    libshutdown.o(.ARM.Collect$$libshutdown$$00000000) refers (Special) to libshutdown2.o(.ARM.Collect$$libshutdown$$0000000C) for __rt_lib_shutdown_signal_1
    libshutdown.o(.ARM.Collect$$libshutdown$$00000000) refers (Special) to libshutdown2.o(.ARM.Collect$$libshutdown$$00000006) for __rt_lib_shutdown_stdio_1
    libshutdown.o(.ARM.Collect$$libshutdown$$00000000) refers (Special) to libshutdown2.o(.ARM.Collect$$libshutdown$$0000000E) for __rt_lib_shutdown_user_alloc_1
    sys_command.o(.text) refers (Special) to use_no_semi.o(.text) for __I$use$semihosting
    sys_command.o(.text) refers (Special) to indicate_semi.o(.text) for __semihosting_library_function
    defsig_rtmem_outer.o(.text) refers to defsig_rtmem_inner.o(.text) for __rt_SIGRTMEM_inner
    defsig_rtmem_outer.o(.text) refers to defsig_exit.o(.text) for __sig_exit
    defsig_rtmem_formal.o(.text) refers to rt_raise.o(.text) for __rt_raise
    rt_raise.o(.text) refers to __raise.o(.text) for __raise
    rt_raise.o(.text) refers to sys_exit.o(.text) for _sys_exit
    defsig_exit.o(.text) refers to sys_exit.o(.text) for _sys_exit
    defsig_rtmem_inner.o(.text) refers to defsig_general.o(.text) for __default_signal_display
    __raise.o(.text) refers to defsig.o(CL$$defsig) for __default_signal_handler
    defsig_general.o(.text) refers to sys_wrch.o(.text) for _ttywrch
    sys_wrch.o(.text) refers (Special) to use_no_semi.o(.text) for __I$use$semihosting
    sys_wrch.o(.text) refers (Special) to indicate_semi.o(.text) for __semihosting_library_function
    defsig.o(CL$$defsig) refers to defsig_rtmem_inner.o(.text) for __rt_SIGRTMEM_inner
    defsig_abrt_inner.o(.text) refers to defsig_general.o(.text) for __default_signal_display
    defsig_fpe_inner.o(.text) refers to defsig_general.o(.text) for __default_signal_display
    defsig_rtred_inner.o(.text) refers to defsig_general.o(.text) for __default_signal_display
    defsig_stak_inner.o(.text) refers to defsig_general.o(.text) for __default_signal_display
    defsig_pvfn_inner.o(.text) refers to defsig_general.o(.text) for __default_signal_display
    defsig_cppl_inner.o(.text) refers to defsig_general.o(.text) for __default_signal_display
    defsig_segv_inner.o(.text) refers to defsig_general.o(.text) for __default_signal_display
    defsig_other.o(.text) refers to defsig_general.o(.text) for __default_signal_display


==============================================================================

Removing Unused input sections from the image.

    Removing lab10.o(i.Delay100ms), (36 bytes).
    Removing lab10.o(i.ScopeTask), (20 bytes).
    Removing timer1.o(i.Timer1_Init), (96 bytes).
    Removing sound.o(i.Sound_Invader1), (20 bytes).
    Removing print.o(.text), (276 bytes).
    Removing i2c3.o(i.I2C3_Recv), (276 bytes).
    Removing i2c3.o(i.I2C3_Recv1), (88 bytes).
    Removing i2c3.o(i.I2C3_Recv2), (120 bytes).
    Removing i2c3.o(i.I2C3_Recv3), (116 bytes).
    Removing i2c3.o(i.I2C3_Send1), (60 bytes).
    Removing i2c3.o(i.I2C3_Send4), (212 bytes).
    Removing ssd1306.o(i.SSD1306_Dim), (44 bytes).
    Removing ssd1306.o(i.SSD1306_DrawFastHLine), (140 bytes).
    Removing ssd1306.o(i.SSD1306_DrawFastVLine), (140 bytes).
    Removing ssd1306.o(i.SSD1306_DrawFullImage), (44 bytes).
    Removing ssd1306.o(i.SSD1306_DrawPoint), (124 bytes).
    Removing ssd1306.o(i.SSD1306_GetBuffer), (8 bytes).
    Removing ssd1306.o(i.SSD1306_GetPixel), (124 bytes).
    Removing ssd1306.o(i.SSD1306_InvertDisplay), (20 bytes).
    Removing ssd1306.o(i.SSD1306_OutHex7), (36 bytes).
    Removing ssd1306.o(i.SSD1306_OutSDec), (440 bytes).
    Removing ssd1306.o(i.SSD1306_OutSFix1), (208 bytes).
    Removing ssd1306.o(i.SSD1306_OutUDec16), (144 bytes).
    Removing ssd1306.o(i.SSD1306_OutUDec2), (82 bytes).
    Removing ssd1306.o(i.SSD1306_OutUFix1), (108 bytes).
    Removing ssd1306.o(i.SSD1306_OutUHex7), (40 bytes).
    Removing ssd1306.o(i.SSD1306_SetPlot), (104 bytes).
    Removing ssd1306.o(i.SSD1306_startscrolldiagleft), (68 bytes).
    Removing ssd1306.o(i.SSD1306_startscrolldiagright), (68 bytes).
    Removing ssd1306.o(i.SSD1306_startscrollleft), (52 bytes).
    Removing ssd1306.o(i.SSD1306_startscrollright), (52 bytes).
    Removing ssd1306.o(i.SSD1306_stopscroll), (10 bytes).
    Removing ssd1306.o(i.ferror), (8 bytes).
    Removing ssd1306.o(i.fgetc), (6 bytes).
    Removing ssd1306.o(i.fputc), (16 bytes).
    Removing ssd1306.o(i.ssd1306drawFastHLineInternal), (164 bytes).
    Removing ssd1306.o(i.ssd1306drawFastVLineInternal), (356 bytes).
    Removing texas.o(i.TExaS_Stop), (24 bytes).

38 unused section(s) (total 3950 bytes) removed from the image.

==============================================================================

Image Symbol Table

    Local Symbols

    Symbol Name                              Value     Ov Type        Size  Object(Section)

    RESET                                    0x00000000   Section      644  startup.o(RESET)
    ../clib/angel/boardlib.s                 0x00000000   Number         0  boardshut.o ABSOLUTE
    ../clib/angel/boardlib.s                 0x00000000   Number         0  boardinit3.o ABSOLUTE
    ../clib/angel/boardlib.s                 0x00000000   Number         0  boardinit2.o ABSOLUTE
    ../clib/angel/boardlib.s                 0x00000000   Number         0  boardinit1.o ABSOLUTE
    ../clib/angel/handlers.s                 0x00000000   Number         0  __scatter_zi.o ABSOLUTE
    ../clib/angel/handlers.s                 0x00000000   Number         0  __scatter_copy.o ABSOLUTE
    ../clib/angel/kernel.s                   0x00000000   Number         0  __rtentry4.o ABSOLUTE
    ../clib/angel/kernel.s                   0x00000000   Number         0  __rtentry.o ABSOLUTE
    ../clib/angel/kernel.s                   0x00000000   Number         0  rtexit2.o ABSOLUTE
    ../clib/angel/kernel.s                   0x00000000   Number         0  rtexit.o ABSOLUTE
    ../clib/angel/kernel.s                   0x00000000   Number         0  __rtentry2.o ABSOLUTE
    ../clib/angel/rt.s                       0x00000000   Number         0  rt_raise.o ABSOLUTE
    ../clib/angel/scatter.s                  0x00000000   Number         0  __scatter.o ABSOLUTE
    ../clib/angel/startup.s                  0x00000000   Number         0  __main.o ABSOLUTE
    ../clib/angel/sys.s                      0x00000000   Number         0  indicate_semi.o ABSOLUTE
    ../clib/angel/sys.s                      0x00000000   Number         0  use_no_semi.o ABSOLUTE
    ../clib/angel/sys.s                      0x00000000   Number         0  sys_stackheap_outer.o ABSOLUTE
    ../clib/angel/sys.s                      0x00000000   Number         0  libspace.o ABSOLUTE
    ../clib/angel/sysapp.c                   0x00000000   Number         0  sys_command.o ABSOLUTE
    ../clib/angel/sysapp.c                   0x00000000   Number         0  sys_exit.o ABSOLUTE
    ../clib/angel/sysapp.c                   0x00000000   Number         0  sys_wrch.o ABSOLUTE
    ../clib/armsys.c                         0x00000000   Number         0  argv_veneer.o ABSOLUTE
    ../clib/armsys.c                         0x00000000   Number         0  no_argv.o ABSOLUTE
    ../clib/armsys.c                         0x00000000   Number         0  _get_argv_nomalloc.o ABSOLUTE
    ../clib/armsys.c                         0x00000000   Number         0  argv_veneer.o ABSOLUTE
    ../clib/heapalloc.c                      0x00000000   Number         0  hrguard.o ABSOLUTE
    ../clib/heapaux.c                        0x00000000   Number         0  heapauxi.o ABSOLUTE
    ../clib/libinit.s                        0x00000000   Number         0  libshutdown.o ABSOLUTE
    ../clib/libinit.s                        0x00000000   Number         0  libshutdown2.o ABSOLUTE
    ../clib/libinit.s                        0x00000000   Number         0  libinit2.o ABSOLUTE
    ../clib/libinit.s                        0x00000000   Number         0  libinit.o ABSOLUTE
    ../clib/signal.c                         0x00000000   Number         0  defsig_rtmem_formal.o ABSOLUTE
    ../clib/signal.c                         0x00000000   Number         0  defsig_rtmem_outer.o ABSOLUTE
    ../clib/signal.c                         0x00000000   Number         0  defsig_general.o ABSOLUTE
    ../clib/signal.c                         0x00000000   Number         0  __raise.o ABSOLUTE
    ../clib/signal.c                         0x00000000   Number         0  defsig_rtmem_inner.o ABSOLUTE
    ../clib/signal.c                         0x00000000   Number         0  defsig_exit.o ABSOLUTE
    ../clib/signal.c                         0x00000000   Number         0  defsig_rtred_inner.o ABSOLUTE
    ../clib/signal.c                         0x00000000   Number         0  defsig_other.o ABSOLUTE
    ../clib/signal.c                         0x00000000   Number         0  defsig_segv_inner.o ABSOLUTE
    ../clib/signal.c                         0x00000000   Number         0  defsig_cppl_inner.o ABSOLUTE
    ../clib/signal.c                         0x00000000   Number         0  defsig_pvfn_inner.o ABSOLUTE
    ../clib/signal.c                         0x00000000   Number         0  defsig_stak_inner.o ABSOLUTE
    ../clib/signal.c                         0x00000000   Number         0  defsig_fpe_inner.o ABSOLUTE
    ../clib/signal.c                         0x00000000   Number         0  defsig_abrt_inner.o ABSOLUTE
    ../clib/signal.s                         0x00000000   Number         0  defsig.o ABSOLUTE
    ../clib/stdlib.c                         0x00000000   Number         0  exit.o ABSOLUTE
    ../fplib/daddsub.s                       0x00000000   Number         0  daddsub_clz.o ABSOLUTE
    ../fplib/dcmpi.s                         0x00000000   Number         0  dcmpi.o ABSOLUTE
    ../fplib/dfixu.s                         0x00000000   Number         0  dfixu.o ABSOLUTE
    ../fplib/dleqf.s                         0x00000000   Number         0  dleqf.o ABSOLUTE
    ../fplib/dnaninf.s                       0x00000000   Number         0  dnaninf.o ABSOLUTE
    ../fplib/dretinf.s                       0x00000000   Number         0  dretinf.o ABSOLUTE
    ../fplib/drleqf.s                        0x00000000   Number         0  drleqf.o ABSOLUTE
    ../fplib/fpinit.s                        0x00000000   Number         0  fpinit.o ABSOLUTE
    ../fplib/usenofp.s                       0x00000000   Number         0  usenofp.o ABSOLUTE
    ..\\inc\\CortexM.c                       0x00000000   Number         0  cortexm.o ABSOLUTE
    ..\inc\CortexM.c                         0x00000000   Number         0  cortexm.o ABSOLUTE
    ADC.c                                    0x00000000   Number         0  adc.o ABSOLUTE
    DAC.c                                    0x00000000   Number         0  dac.o ABSOLUTE
    I2C3.c                                   0x00000000   Number         0  i2c3.o ABSOLUTE
    Lab10.c                                  0x00000000   Number         0  lab10.o ABSOLUTE
    Print.s                                  0x00000000   Number         0  print.o ABSOLUTE
    SSD1306.c                                0x00000000   Number         0  ssd1306.o ABSOLUTE
    Sound.c                                  0x00000000   Number         0  sound.o ABSOLUTE
    Switch.c                                 0x00000000   Number         0  switch.o ABSOLUTE
    TExaS.c                                  0x00000000   Number         0  texas.o ABSOLUTE
    Timer0.c                                 0x00000000   Number         0  timer0.o ABSOLUTE
    Timer1.c                                 0x00000000   Number         0  timer1.o ABSOLUTE
    dc.s                                     0x00000000   Number         0  dc.o ABSOLUTE
    random.s                                 0x00000000   Number         0  random.o ABSOLUTE
    startup.s                                0x00000000   Number         0  startup.o ABSOLUTE
    !!!main                                  0x00000284   Section        8  __main.o(!!!main)
    !!!scatter                               0x0000028c   Section       52  __scatter.o(!!!scatter)
    !!handler_copy                           0x000002c0   Section       26  __scatter_copy.o(!!handler_copy)
    !!handler_zi                             0x000002dc   Section       28  __scatter_zi.o(!!handler_zi)
    .ARM.Collect$$libinit$$00000000          0x000002f8   Section        2  libinit.o(.ARM.Collect$$libinit$$00000000)
    .ARM.Collect$$libinit$$00000002          0x000002fa   Section        0  libinit2.o(.ARM.Collect$$libinit$$00000002)
    .ARM.Collect$$libinit$$00000004          0x000002fa   Section        0  libinit2.o(.ARM.Collect$$libinit$$00000004)
    .ARM.Collect$$libinit$$0000000A          0x000002fa   Section        0  libinit2.o(.ARM.Collect$$libinit$$0000000A)
    .ARM.Collect$$libinit$$0000000C          0x000002fa   Section        0  libinit2.o(.ARM.Collect$$libinit$$0000000C)
    .ARM.Collect$$libinit$$0000000E          0x000002fa   Section        0  libinit2.o(.ARM.Collect$$libinit$$0000000E)
    .ARM.Collect$$libinit$$00000011          0x000002fa   Section        0  libinit2.o(.ARM.Collect$$libinit$$00000011)
    .ARM.Collect$$libinit$$00000013          0x000002fa   Section        0  libinit2.o(.ARM.Collect$$libinit$$00000013)
    .ARM.Collect$$libinit$$00000015          0x000002fa   Section        0  libinit2.o(.ARM.Collect$$libinit$$00000015)
    .ARM.Collect$$libinit$$00000017          0x000002fa   Section        0  libinit2.o(.ARM.Collect$$libinit$$00000017)
    .ARM.Collect$$libinit$$00000019          0x000002fa   Section        0  libinit2.o(.ARM.Collect$$libinit$$00000019)
    .ARM.Collect$$libinit$$0000001B          0x000002fa   Section        0  libinit2.o(.ARM.Collect$$libinit$$0000001B)
    .ARM.Collect$$libinit$$0000001D          0x000002fa   Section        0  libinit2.o(.ARM.Collect$$libinit$$0000001D)
    .ARM.Collect$$libinit$$0000001F          0x000002fa   Section        0  libinit2.o(.ARM.Collect$$libinit$$0000001F)
    .ARM.Collect$$libinit$$00000021          0x000002fa   Section        0  libinit2.o(.ARM.Collect$$libinit$$00000021)
    .ARM.Collect$$libinit$$00000023          0x000002fa   Section        0  libinit2.o(.ARM.Collect$$libinit$$00000023)
    .ARM.Collect$$libinit$$00000025          0x000002fa   Section        0  libinit2.o(.ARM.Collect$$libinit$$00000025)
    .ARM.Collect$$libinit$$0000002C          0x000002fa   Section        0  libinit2.o(.ARM.Collect$$libinit$$0000002C)
    .ARM.Collect$$libinit$$0000002E          0x000002fa   Section        0  libinit2.o(.ARM.Collect$$libinit$$0000002E)
    .ARM.Collect$$libinit$$00000030          0x000002fa   Section        0  libinit2.o(.ARM.Collect$$libinit$$00000030)
    .ARM.Collect$$libinit$$00000032          0x000002fa   Section        0  libinit2.o(.ARM.Collect$$libinit$$00000032)
    .ARM.Collect$$libinit$$00000033          0x000002fa   Section        2  libinit2.o(.ARM.Collect$$libinit$$00000033)
    .ARM.Collect$$libshutdown$$00000000      0x000002fc   Section        2  libshutdown.o(.ARM.Collect$$libshutdown$$00000000)
    .ARM.Collect$$libshutdown$$00000002      0x000002fe   Section        0  libshutdown2.o(.ARM.Collect$$libshutdown$$00000002)
    .ARM.Collect$$libshutdown$$00000004      0x000002fe   Section        0  libshutdown2.o(.ARM.Collect$$libshutdown$$00000004)
    .ARM.Collect$$libshutdown$$00000006      0x000002fe   Section        0  libshutdown2.o(.ARM.Collect$$libshutdown$$00000006)
    .ARM.Collect$$libshutdown$$00000009      0x000002fe   Section        0  libshutdown2.o(.ARM.Collect$$libshutdown$$00000009)
    .ARM.Collect$$libshutdown$$0000000C      0x000002fe   Section        0  libshutdown2.o(.ARM.Collect$$libshutdown$$0000000C)
    .ARM.Collect$$libshutdown$$0000000E      0x000002fe   Section        0  libshutdown2.o(.ARM.Collect$$libshutdown$$0000000E)
    .ARM.Collect$$libshutdown$$00000011      0x000002fe   Section        0  libshutdown2.o(.ARM.Collect$$libshutdown$$00000011)
    .ARM.Collect$$libshutdown$$00000012      0x000002fe   Section        2  libshutdown2.o(.ARM.Collect$$libshutdown$$00000012)
    .ARM.Collect$$rtentry$$00000000          0x00000300   Section        0  __rtentry.o(.ARM.Collect$$rtentry$$00000000)
    .ARM.Collect$$rtentry$$00000002          0x00000300   Section        0  __rtentry2.o(.ARM.Collect$$rtentry$$00000002)
    .ARM.Collect$$rtentry$$00000004          0x00000300   Section        6  __rtentry4.o(.ARM.Collect$$rtentry$$00000004)
    .ARM.Collect$$rtentry$$00000009          0x00000306   Section        0  __rtentry2.o(.ARM.Collect$$rtentry$$00000009)
    .ARM.Collect$$rtentry$$0000000A          0x00000306   Section        4  __rtentry2.o(.ARM.Collect$$rtentry$$0000000A)
    .ARM.Collect$$rtentry$$0000000C          0x0000030a   Section        0  __rtentry2.o(.ARM.Collect$$rtentry$$0000000C)
    .ARM.Collect$$rtentry$$0000000D          0x0000030a   Section        8  __rtentry2.o(.ARM.Collect$$rtentry$$0000000D)
    .ARM.Collect$$rtexit$$00000000           0x00000312   Section        2  rtexit.o(.ARM.Collect$$rtexit$$00000000)
    .ARM.Collect$$rtexit$$00000002           0x00000314   Section        0  rtexit2.o(.ARM.Collect$$rtexit$$00000002)
    .ARM.Collect$$rtexit$$00000003           0x00000314   Section        4  rtexit2.o(.ARM.Collect$$rtexit$$00000003)
    .ARM.Collect$$rtexit$$00000004           0x00000318   Section        6  rtexit2.o(.ARM.Collect$$rtexit$$00000004)
    .emb_text                                0x00000320   Section        6  cortexm.o(.emb_text)
    .text                                    0x00000328   Section       48  startup.o(.text)
    .text                                    0x00000358   Section       60  random.o(.text)
    .text                                    0x00000394   Section        0  heapauxi.o(.text)
    .text                                    0x0000039a   Section       74  sys_stackheap_outer.o(.text)
    .text                                    0x000003e4   Section        0  exit.o(.text)
    .text                                    0x000003f8   Section        8  libspace.o(.text)
    .text                                    0x00000400   Section        0  sys_exit.o(.text)
    .text                                    0x0000040c   Section        2  use_no_semi.o(.text)
    .text                                    0x0000040e   Section        0  indicate_semi.o(.text)
    i.ADC1_Init                              0x00000410   Section        0  texas.o(i.ADC1_Init)
    i.ADC_In                                 0x000004d8   Section        0  adc.o(i.ADC_In)
    i.ADC_Init                               0x00000504   Section        0  adc.o(i.ADC_Init)
    i.Button_Init                            0x000005ec   Section        0  switch.o(i.Button_Init)
    i.Clock_Delay1ms                         0x00000768   Section        0  cortexm.o(i.Clock_Delay1ms)
    i.CreateMissile                          0x00000780   Section        0  lab10.o(i.CreateMissile)
    i.DAC_Init                               0x000007e0   Section        0  dac.o(i.DAC_Init)
    i.DAC_Out                                0x00000828   Section        0  dac.o(i.DAC_Out)
    i.Draw                                   0x00000848   Section        0  lab10.o(i.Draw)
    i.GPIOPortC_Handler                      0x00000998   Section        0  switch.o(i.GPIOPortC_Handler)
    i.GPIOPortE_Handler                      0x000009b8   Section        0  switch.o(i.GPIOPortE_Handler)
    i.I2C3_Init                              0x000009d0   Section        0  i2c3.o(i.I2C3_Init)
    i.I2C3_Send                              0x00000a7c   Section        0  i2c3.o(i.I2C3_Send)
    i.I2C3_Send2                             0x00000b5c   Section        0  i2c3.o(i.I2C3_Send2)
    i.I2C3_SendData                          0x00000bcc   Section        0  i2c3.o(i.I2C3_SendData)
    i.Init                                   0x00000c48   Section        0  lab10.o(i.Init)
    i.LogicAnalyzerTask                      0x00000d5c   Section        0  lab10.o(i.LogicAnalyzerTask)
    i.Move                                   0x00000d7c   Section        0  lab10.o(i.Move)
    i.PLL_Init                               0x000010fc   Section        0  texas.o(i.PLL_Init)
    i.Profile_Init                           0x00001178   Section        0  lab10.o(i.Profile_Init)
    i.ReturnFire                             0x000011dc   Section        0  lab10.o(i.ReturnFire)
    i.SSD1306_ClearBuffer                    0x0000125c   Section        0  ssd1306.o(i.SSD1306_ClearBuffer)
    i.SSD1306_DrawBMP                        0x00001280   Section        0  ssd1306.o(i.SSD1306_DrawBMP)
    i.SSD1306_DrawChar                       0x00001498   Section        0  ssd1306.o(i.SSD1306_DrawChar)
    i.SSD1306_DrawPixel                      0x00001500   Section        0  ssd1306.o(i.SSD1306_DrawPixel)
    i.SSD1306_DrawString                     0x000015f8   Section        0  ssd1306.o(i.SSD1306_DrawString)
    i.SSD1306_DrawUDec2                      0x0000161e   Section        0  lab10.o(i.SSD1306_DrawUDec2)
    i.SSD1306_Init                           0x00001698   Section        0  ssd1306.o(i.SSD1306_Init)
    i.SSD1306_OutBuffer                      0x00001754   Section        0  ssd1306.o(i.SSD1306_OutBuffer)
    i.SSD1306_OutChar                        0x0000177c   Section        0  ssd1306.o(i.SSD1306_OutChar)
    i.SSD1306_OutClear                       0x00001880   Section        0  ssd1306.o(i.SSD1306_OutClear)
    i.SSD1306_OutString                      0x0000188c   Section        0  ssd1306.o(i.SSD1306_OutString)
    i.SSD1306_OutUDec                        0x000018a4   Section        0  ssd1306.o(i.SSD1306_OutUDec)
    i.SSD1306_SetCursor                      0x00001a40   Section        0  ssd1306.o(i.SSD1306_SetCursor)
    i.SoundTask                              0x00001ab0   Section        0  sound.o(i.SoundTask)
    i.Sound_Explosion                        0x00001af8   Section        0  sound.o(i.Sound_Explosion)
    i.Sound_HighPitch                        0x00001b0c   Section        0  sound.o(i.Sound_HighPitch)
    i.Sound_Init                             0x00001b20   Section        0  sound.o(i.Sound_Init)
    i.Sound_Shoot                            0x00001b40   Section        0  sound.o(i.Sound_Shoot)
    i.Sound_Start                            0x00001b54   Section        0  sound.o(i.Sound_Start)
    i.SysTick_Handler                        0x00001b74   Section        0  lab10.o(i.SysTick_Handler)
    i.SysTick_Init                           0x00001b7c   Section        0  lab10.o(i.SysTick_Init)
    i.TExaS_Init                             0x00001bac   Section        0  texas.o(i.TExaS_Init)
    i.Timer0A_Handler                        0x00001c1c   Section        0  timer0.o(i.Timer0A_Handler)
    i.Timer0_Init                            0x00001c34   Section        0  timer0.o(i.Timer0_Init)
    i.Timer1A_Handler                        0x00001c94   Section        0  timer1.o(i.Timer1A_Handler)
    i.Timer5A_Handler                        0x00001cac   Section        0  texas.o(i.Timer5A_Handler)
    i.UART0_Init                             0x00001cc4   Section        0  texas.o(i.UART0_Init)
    i.main                                   0x00001d70   Section        0  lab10.o(i.main)
    i.ssd1306command                         0x00002078   Section        0  ssd1306.o(i.ssd1306command)
    i.ssd1306command1                        0x00002088   Section        0  ssd1306.o(i.ssd1306command1)
    i.ssd1306commandList                     0x00002098   Section        0  ssd1306.o(i.ssd1306commandList)
    x$fpl$dadd                               0x000020ac   Section      336  daddsub_clz.o(x$fpl$dadd)
    _dadd1                                   0x000020bd   Thumb Code     0  daddsub_clz.o(x$fpl$dadd)
    x$fpl$dcmpinf                            0x000021fc   Section       24  dcmpi.o(x$fpl$dcmpinf)
    x$fpl$dfixu                              0x00002214   Section       90  dfixu.o(x$fpl$dfixu)
    x$fpl$dleqf                              0x00002270   Section      120  dleqf.o(x$fpl$dleqf)
    x$fpl$dnaninf                            0x000022e8   Section      156  dnaninf.o(x$fpl$dnaninf)
    x$fpl$dretinf                            0x00002384   Section       12  dretinf.o(x$fpl$dretinf)
    x$fpl$drleqf                             0x00002390   Section      108  drleqf.o(x$fpl$drleqf)
    x$fpl$dsub                               0x000023fc   Section      468  daddsub_clz.o(x$fpl$dsub)
    _dsub1                                   0x0000240d   Thumb Code     0  daddsub_clz.o(x$fpl$dsub)
    .constdata                               0x000025d0   Section     5885  lab10.o(.constdata)
    x$fpl$usenofp                            0x000025d0   Section        0  usenofp.o(x$fpl$usenofp)
    .constdata                               0x00003ccd   Section    14337  sound.o(.constdata)
    .constdata                               0x000074ce   Section     1413  ssd1306.o(.constdata)
    ASCII                                    0x000074ce   Data        1344  ssd1306.o(.constdata)
    init1                                    0x00007a0e   Data           5  ssd1306.o(.constdata)
    init2                                    0x00007a13   Data           5  ssd1306.o(.constdata)
    init3                                    0x00007a18   Data           5  ssd1306.o(.constdata)
    init4b                                   0x00007a1d   Data           4  ssd1306.o(.constdata)
    init5                                    0x00007a21   Data           7  ssd1306.o(.constdata)
    premask                                  0x00007a28   Data           8  ssd1306.o(.constdata)
    postmask                                 0x00007a30   Data           8  ssd1306.o(.constdata)
    dlist1                                   0x00007a38   Data           5  ssd1306.o(.constdata)
    scrollList1a                             0x00007a3d   Data           2  ssd1306.o(.constdata)
    scrollList1b                             0x00007a3f   Data           3  ssd1306.o(.constdata)
    scrollList2a                             0x00007a42   Data           2  ssd1306.o(.constdata)
    scrollList2b                             0x00007a44   Data           3  ssd1306.o(.constdata)
    scrollList3a                             0x00007a47   Data           2  ssd1306.o(.constdata)
    scrollList3b                             0x00007a49   Data           2  ssd1306.o(.constdata)
    scrollList3c                             0x00007a4b   Data           2  ssd1306.o(.constdata)
    scrollList4a                             0x00007a4d   Data           2  ssd1306.o(.constdata)
    scrollList4b                             0x00007a4f   Data           2  ssd1306.o(.constdata)
    scrollList4c                             0x00007a51   Data           2  ssd1306.o(.constdata)
    .data                                    0x20000000   Section       64  lab10.o(.data)
    .data                                    0x20000040   Section        4  timer0.o(.data)
    .data                                    0x20000044   Section        4  timer1.o(.data)
    .data                                    0x20000048   Section        8  sound.o(.data)
    .data                                    0x20000050   Section       42  ssd1306.o(.data)
    DeltaX                                   0x20000058   Data           4  ssd1306.o(.data)
    MaxX                                     0x2000005c   Data           4  ssd1306.o(.data)
    MinX                                     0x20000060   Data           4  ssd1306.o(.data)
    DeltaY                                   0x20000064   Data           4  ssd1306.o(.data)
    MaxY                                     0x20000068   Data           4  ssd1306.o(.data)
    MinY                                     0x2000006c   Data           4  ssd1306.o(.data)
    PlotColor                                0x20000070   Data           2  ssd1306.o(.data)
    .data                                    0x2000007c   Section        4  texas.o(.data)
    DATA                                     0x20000080   Section        4  random.o(DATA)
    M                                        0x20000080   Data           4  random.o(DATA)
    .bss                                     0x20000088   Section     1056  lab10.o(.bss)
    .bss                                     0x200004a8   Section     1024  ssd1306.o(.bss)
    .bss                                     0x200008a8   Section       96  libspace.o(.bss)
    HEAP                                     0x20000908   Section        0  startup.o(HEAP)
    STACK                                    0x20000908   Section     1024  startup.o(STACK)
    HeapMem                                  0x20000908   Data           0  startup.o(HEAP)
    StackMem                                 0x20000908   Data           0  startup.o(STACK)

    Global Symbols

    Symbol Name                              Value     Ov Type        Size  Object(Section)

    BuildAttributes$$THM_ISAv4$E$P$D$K$B$S$7EM$PE$A:L22UL41UL21$X:L11$S22US41US21$IEEE1$IW$USESV6$~STKCKD$USESV7$~SHL$OSPACE$ROPI$EBA8$UX$STANDARDLIB$REQ8$PRES8$EABIv2 0x00000000   Number         0  anon$$obj.o ABSOLUTE
    __ARM_use_no_argv                        0x00000000   Number         0  lab10.o ABSOLUTE
    __Vectors                                0x00000000   Data           0  startup.o(RESET)
    __ARM_exceptions_init                     - Undefined Weak Reference
    __alloca_initialize                       - Undefined Weak Reference
    __arm_fini_                               - Undefined Weak Reference
    __arm_preinit_                            - Undefined Weak Reference
    __cpp_initialize__aeabi_                  - Undefined Weak Reference
    __cxa_finalize                            - Undefined Weak Reference
    __rt_locale                               - Undefined Weak Reference
    __sigvec_lookup                           - Undefined Weak Reference
    _atexit_init                              - Undefined Weak Reference
    _call_atexit_fns                          - Undefined Weak Reference
    _clock_init                               - Undefined Weak Reference
    _fp_trap_init                             - Undefined Weak Reference
    _fp_trap_shutdown                         - Undefined Weak Reference
    _get_lc_collate                           - Undefined Weak Reference
    _get_lc_ctype                             - Undefined Weak Reference
    _get_lc_monetary                          - Undefined Weak Reference
    _get_lc_numeric                           - Undefined Weak Reference
    _get_lc_time                              - Undefined Weak Reference
    _getenv_init                              - Undefined Weak Reference
    _handle_redirection                       - Undefined Weak Reference
    _init_alloc                               - Undefined Weak Reference
    _init_user_alloc                          - Undefined Weak Reference
    _initio                                   - Undefined Weak Reference
    _rand_init                                - Undefined Weak Reference
    _signal_finish                            - Undefined Weak Reference
    _signal_init                              - Undefined Weak Reference
    _terminate_alloc                          - Undefined Weak Reference
    _terminate_user_alloc                     - Undefined Weak Reference
    _terminateio                              - Undefined Weak Reference
    Reset_Handler                            0x0000026d   Thumb Code     0  startup.o(RESET)
    NMI_Handler                              0x00000271   Thumb Code     2  startup.o(RESET)
    HardFault_Handler                        0x00000273   Thumb Code     2  startup.o(RESET)
    MemManage_Handler                        0x00000275   Thumb Code     2  startup.o(RESET)
    BusFault_Handler                         0x00000277   Thumb Code     2  startup.o(RESET)
    UsageFault_Handler                       0x00000279   Thumb Code     2  startup.o(RESET)
    SVC_Handler                              0x0000027b   Thumb Code     2  startup.o(RESET)
    DebugMon_Handler                         0x0000027d   Thumb Code     2  startup.o(RESET)
    PendSV_Handler                           0x0000027f   Thumb Code     2  startup.o(RESET)
    ADC0Seq0_Handler                         0x00000283   Thumb Code     0  startup.o(RESET)
    ADC0Seq1_Handler                         0x00000283   Thumb Code     0  startup.o(RESET)
    ADC0Seq2_Handler                         0x00000283   Thumb Code     0  startup.o(RESET)
    ADC0Seq3_Handler                         0x00000283   Thumb Code     0  startup.o(RESET)
    ADC1Seq0_Handler                         0x00000283   Thumb Code     0  startup.o(RESET)
    ADC1Seq1_Handler                         0x00000283   Thumb Code     0  startup.o(RESET)
    ADC1Seq2_Handler                         0x00000283   Thumb Code     0  startup.o(RESET)
    ADC1Seq3_Handler                         0x00000283   Thumb Code     0  startup.o(RESET)
    CAN0_Handler                             0x00000283   Thumb Code     0  startup.o(RESET)
    CAN1_Handler                             0x00000283   Thumb Code     0  startup.o(RESET)
    CAN2_Handler                             0x00000283   Thumb Code     0  startup.o(RESET)
    Comp0_Handler                            0x00000283   Thumb Code     0  startup.o(RESET)
    Comp1_Handler                            0x00000283   Thumb Code     0  startup.o(RESET)
    Comp2_Handler                            0x00000283   Thumb Code     0  startup.o(RESET)
    Ethernet_Handler                         0x00000283   Thumb Code     0  startup.o(RESET)
    ExtBus_Handler                           0x00000283   Thumb Code     0  startup.o(RESET)
    FPU_Handler                              0x00000283   Thumb Code     0  startup.o(RESET)
    Fan0_Handler                             0x00000283   Thumb Code     0  startup.o(RESET)
    FlashCtl_Handler                         0x00000283   Thumb Code     0  startup.o(RESET)
    GPIOPortA_Handler                        0x00000283   Thumb Code     0  startup.o(RESET)
    GPIOPortB_Handler                        0x00000283   Thumb Code     0  startup.o(RESET)
    GPIOPortD_Handler                        0x00000283   Thumb Code     0  startup.o(RESET)
    GPIOPortF_Handler                        0x00000283   Thumb Code     0  startup.o(RESET)
    GPIOPortG_Handler                        0x00000283   Thumb Code     0  startup.o(RESET)
    GPIOPortH_Handler                        0x00000283   Thumb Code     0  startup.o(RESET)
    GPIOPortJ_Handler                        0x00000283   Thumb Code     0  startup.o(RESET)
    GPIOPortK_Handler                        0x00000283   Thumb Code     0  startup.o(RESET)
    GPIOPortL_Handler                        0x00000283   Thumb Code     0  startup.o(RESET)
    GPIOPortM_Handler                        0x00000283   Thumb Code     0  startup.o(RESET)
    GPIOPortN_Handler                        0x00000283   Thumb Code     0  startup.o(RESET)
    GPIOPortP1_Handler                       0x00000283   Thumb Code     0  startup.o(RESET)
    GPIOPortP2_Handler                       0x00000283   Thumb Code     0  startup.o(RESET)
    GPIOPortP3_Handler                       0x00000283   Thumb Code     0  startup.o(RESET)
    GPIOPortP4_Handler                       0x00000283   Thumb Code     0  startup.o(RESET)
    GPIOPortP5_Handler                       0x00000283   Thumb Code     0  startup.o(RESET)
    GPIOPortP6_Handler                       0x00000283   Thumb Code     0  startup.o(RESET)
    GPIOPortP7_Handler                       0x00000283   Thumb Code     0  startup.o(RESET)
    GPIOPortP_Handler                        0x00000283   Thumb Code     0  startup.o(RESET)
    GPIOPortQ1_Handler                       0x00000283   Thumb Code     0  startup.o(RESET)
    GPIOPortQ2_Handler                       0x00000283   Thumb Code     0  startup.o(RESET)
    GPIOPortQ3_Handler                       0x00000283   Thumb Code     0  startup.o(RESET)
    GPIOPortQ4_Handler                       0x00000283   Thumb Code     0  startup.o(RESET)
    GPIOPortQ5_Handler                       0x00000283   Thumb Code     0  startup.o(RESET)
    GPIOPortQ6_Handler                       0x00000283   Thumb Code     0  startup.o(RESET)
    GPIOPortQ7_Handler                       0x00000283   Thumb Code     0  startup.o(RESET)
    GPIOPortQ_Handler                        0x00000283   Thumb Code     0  startup.o(RESET)
    GPIOPortR_Handler                        0x00000283   Thumb Code     0  startup.o(RESET)
    GPIOPortS_Handler                        0x00000283   Thumb Code     0  startup.o(RESET)
    Hibernate_Handler                        0x00000283   Thumb Code     0  startup.o(RESET)
    I2C0_Handler                             0x00000283   Thumb Code     0  startup.o(RESET)
    I2C1_Handler                             0x00000283   Thumb Code     0  startup.o(RESET)
    I2C2_Handler                             0x00000283   Thumb Code     0  startup.o(RESET)
    I2C3_Handler                             0x00000283   Thumb Code     0  startup.o(RESET)
    I2C4_Handler                             0x00000283   Thumb Code     0  startup.o(RESET)
    I2C5_Handler                             0x00000283   Thumb Code     0  startup.o(RESET)
    I2S0_Handler                             0x00000283   Thumb Code     0  startup.o(RESET)
    LPC0_Handler                             0x00000283   Thumb Code     0  startup.o(RESET)
    PECI0_Handler                            0x00000283   Thumb Code     0  startup.o(RESET)
    PWM0Fault_Handler                        0x00000283   Thumb Code     0  startup.o(RESET)
    PWM0Generator0_Handler                   0x00000283   Thumb Code     0  startup.o(RESET)
    PWM0Generator1_Handler                   0x00000283   Thumb Code     0  startup.o(RESET)
    PWM0Generator2_Handler                   0x00000283   Thumb Code     0  startup.o(RESET)
    PWM0Generator3_Handler                   0x00000283   Thumb Code     0  startup.o(RESET)
    PWM1Fault_Handler                        0x00000283   Thumb Code     0  startup.o(RESET)
    PWM1Generator0_Handler                   0x00000283   Thumb Code     0  startup.o(RESET)
    PWM1Generator1_Handler                   0x00000283   Thumb Code     0  startup.o(RESET)
    PWM1Generator2_Handler                   0x00000283   Thumb Code     0  startup.o(RESET)
    PWM1Generator3_Handler                   0x00000283   Thumb Code     0  startup.o(RESET)
    Quadrature0_Handler                      0x00000283   Thumb Code     0  startup.o(RESET)
    Quadrature1_Handler                      0x00000283   Thumb Code     0  startup.o(RESET)
    Quadrature2_Handler                      0x00000283   Thumb Code     0  startup.o(RESET)
    SSI0_Handler                             0x00000283   Thumb Code     0  startup.o(RESET)
    SSI1_Handler                             0x00000283   Thumb Code     0  startup.o(RESET)
    SSI2_Handler                             0x00000283   Thumb Code     0  startup.o(RESET)
    SSI3_Handler                             0x00000283   Thumb Code     0  startup.o(RESET)
    SysCtl_Handler                           0x00000283   Thumb Code     0  startup.o(RESET)
    Timer0B_Handler                          0x00000283   Thumb Code     0  startup.o(RESET)
    Timer1B_Handler                          0x00000283   Thumb Code     0  startup.o(RESET)
    Timer2A_Handler                          0x00000283   Thumb Code     0  startup.o(RESET)
    Timer2B_Handler                          0x00000283   Thumb Code     0  startup.o(RESET)
    Timer3A_Handler                          0x00000283   Thumb Code     0  startup.o(RESET)
    Timer3B_Handler                          0x00000283   Thumb Code     0  startup.o(RESET)
    Timer4A_Handler                          0x00000283   Thumb Code     0  startup.o(RESET)
    Timer4B_Handler                          0x00000283   Thumb Code     0  startup.o(RESET)
    Timer5B_Handler                          0x00000283   Thumb Code     0  startup.o(RESET)
    UART0_Handler                            0x00000283   Thumb Code     0  startup.o(RESET)
    UART1_Handler                            0x00000283   Thumb Code     0  startup.o(RESET)
    UART2_Handler                            0x00000283   Thumb Code     0  startup.o(RESET)
    UART3_Handler                            0x00000283   Thumb Code     0  startup.o(RESET)
    UART4_Handler                            0x00000283   Thumb Code     0  startup.o(RESET)
    UART5_Handler                            0x00000283   Thumb Code     0  startup.o(RESET)
    UART6_Handler                            0x00000283   Thumb Code     0  startup.o(RESET)
    UART7_Handler                            0x00000283   Thumb Code     0  startup.o(RESET)
    USB0_Handler                             0x00000283   Thumb Code     0  startup.o(RESET)
    WDT_Handler                              0x00000283   Thumb Code     0  startup.o(RESET)
    WideTimer0A_Handler                      0x00000283   Thumb Code     0  startup.o(RESET)
    WideTimer0B_Handler                      0x00000283   Thumb Code     0  startup.o(RESET)
    WideTimer1A_Handler                      0x00000283   Thumb Code     0  startup.o(RESET)
    WideTimer1B_Handler                      0x00000283   Thumb Code     0  startup.o(RESET)
    WideTimer2A_Handler                      0x00000283   Thumb Code     0  startup.o(RESET)
    WideTimer2B_Handler                      0x00000283   Thumb Code     0  startup.o(RESET)
    WideTimer3A_Handler                      0x00000283   Thumb Code     0  startup.o(RESET)
    WideTimer3B_Handler                      0x00000283   Thumb Code     0  startup.o(RESET)
    WideTimer4A_Handler                      0x00000283   Thumb Code     0  startup.o(RESET)
    WideTimer4B_Handler                      0x00000283   Thumb Code     0  startup.o(RESET)
    WideTimer5A_Handler                      0x00000283   Thumb Code     0  startup.o(RESET)
    WideTimer5B_Handler                      0x00000283   Thumb Code     0  startup.o(RESET)
    uDMA_Error                               0x00000283   Thumb Code     0  startup.o(RESET)
    uDMA_Handler                             0x00000283   Thumb Code     0  startup.o(RESET)
    __main                                   0x00000285   Thumb Code     8  __main.o(!!!main)
    __scatterload                            0x0000028d   Thumb Code     0  __scatter.o(!!!scatter)
    __scatterload_rt2                        0x0000028d   Thumb Code    44  __scatter.o(!!!scatter)
    __scatterload_rt2_thumb_only             0x0000028d   Thumb Code     0  __scatter.o(!!!scatter)
    __scatterload_null                       0x0000029b   Thumb Code     0  __scatter.o(!!!scatter)
    __scatterload_copy                       0x000002c1   Thumb Code    26  __scatter_copy.o(!!handler_copy)
    __scatterload_zeroinit                   0x000002dd   Thumb Code    28  __scatter_zi.o(!!handler_zi)
    __rt_lib_init                            0x000002f9   Thumb Code     0  libinit.o(.ARM.Collect$$libinit$$00000000)
    __rt_lib_init_alloca_1                   0x000002fb   Thumb Code     0  libinit2.o(.ARM.Collect$$libinit$$0000002E)
    __rt_lib_init_argv_1                     0x000002fb   Thumb Code     0  libinit2.o(.ARM.Collect$$libinit$$0000002C)
    __rt_lib_init_atexit_1                   0x000002fb   Thumb Code     0  libinit2.o(.ARM.Collect$$libinit$$0000001B)
    __rt_lib_init_clock_1                    0x000002fb   Thumb Code     0  libinit2.o(.ARM.Collect$$libinit$$00000021)
    __rt_lib_init_cpp_1                      0x000002fb   Thumb Code     0  libinit2.o(.ARM.Collect$$libinit$$00000032)
    __rt_lib_init_exceptions_1               0x000002fb   Thumb Code     0  libinit2.o(.ARM.Collect$$libinit$$00000030)
    __rt_lib_init_fp_1                       0x000002fb   Thumb Code     0  libinit2.o(.ARM.Collect$$libinit$$00000002)
    __rt_lib_init_fp_trap_1                  0x000002fb   Thumb Code     0  libinit2.o(.ARM.Collect$$libinit$$0000001F)
    __rt_lib_init_getenv_1                   0x000002fb   Thumb Code     0  libinit2.o(.ARM.Collect$$libinit$$00000023)
    __rt_lib_init_heap_1                     0x000002fb   Thumb Code     0  libinit2.o(.ARM.Collect$$libinit$$0000000A)
    __rt_lib_init_lc_collate_1               0x000002fb   Thumb Code     0  libinit2.o(.ARM.Collect$$libinit$$00000011)
    __rt_lib_init_lc_ctype_1                 0x000002fb   Thumb Code     0  libinit2.o(.ARM.Collect$$libinit$$00000013)
    __rt_lib_init_lc_monetary_1              0x000002fb   Thumb Code     0  libinit2.o(.ARM.Collect$$libinit$$00000015)
    __rt_lib_init_lc_numeric_1               0x000002fb   Thumb Code     0  libinit2.o(.ARM.Collect$$libinit$$00000017)
    __rt_lib_init_lc_time_1                  0x000002fb   Thumb Code     0  libinit2.o(.ARM.Collect$$libinit$$00000019)
    __rt_lib_init_preinit_1                  0x000002fb   Thumb Code     0  libinit2.o(.ARM.Collect$$libinit$$00000004)
    __rt_lib_init_rand_1                     0x000002fb   Thumb Code     0  libinit2.o(.ARM.Collect$$libinit$$0000000E)
    __rt_lib_init_return                     0x000002fb   Thumb Code     0  libinit2.o(.ARM.Collect$$libinit$$00000033)
    __rt_lib_init_signal_1                   0x000002fb   Thumb Code     0  libinit2.o(.ARM.Collect$$libinit$$0000001D)
    __rt_lib_init_stdio_1                    0x000002fb   Thumb Code     0  libinit2.o(.ARM.Collect$$libinit$$00000025)
    __rt_lib_init_user_alloc_1               0x000002fb   Thumb Code     0  libinit2.o(.ARM.Collect$$libinit$$0000000C)
    __rt_lib_shutdown                        0x000002fd   Thumb Code     0  libshutdown.o(.ARM.Collect$$libshutdown$$00000000)
    __rt_lib_shutdown_cpp_1                  0x000002ff   Thumb Code     0  libshutdown2.o(.ARM.Collect$$libshutdown$$00000004)
    __rt_lib_shutdown_fini_1                 0x000002ff   Thumb Code     0  libshutdown2.o(.ARM.Collect$$libshutdown$$00000002)
    __rt_lib_shutdown_fp_trap_1              0x000002ff   Thumb Code     0  libshutdown2.o(.ARM.Collect$$libshutdown$$00000009)
    __rt_lib_shutdown_heap_1                 0x000002ff   Thumb Code     0  libshutdown2.o(.ARM.Collect$$libshutdown$$00000011)
    __rt_lib_shutdown_return                 0x000002ff   Thumb Code     0  libshutdown2.o(.ARM.Collect$$libshutdown$$00000012)
    __rt_lib_shutdown_signal_1               0x000002ff   Thumb Code     0  libshutdown2.o(.ARM.Collect$$libshutdown$$0000000C)
    __rt_lib_shutdown_stdio_1                0x000002ff   Thumb Code     0  libshutdown2.o(.ARM.Collect$$libshutdown$$00000006)
    __rt_lib_shutdown_user_alloc_1           0x000002ff   Thumb Code     0  libshutdown2.o(.ARM.Collect$$libshutdown$$0000000E)
    __rt_entry                               0x00000301   Thumb Code     0  __rtentry.o(.ARM.Collect$$rtentry$$00000000)
    __rt_entry_presh_1                       0x00000301   Thumb Code     0  __rtentry2.o(.ARM.Collect$$rtentry$$00000002)
    __rt_entry_sh                            0x00000301   Thumb Code     0  __rtentry4.o(.ARM.Collect$$rtentry$$00000004)
    __rt_entry_li                            0x00000307   Thumb Code     0  __rtentry2.o(.ARM.Collect$$rtentry$$0000000A)
    __rt_entry_postsh_1                      0x00000307   Thumb Code     0  __rtentry2.o(.ARM.Collect$$rtentry$$00000009)
    __rt_entry_main                          0x0000030b   Thumb Code     0  __rtentry2.o(.ARM.Collect$$rtentry$$0000000D)
    __rt_entry_postli_1                      0x0000030b   Thumb Code     0  __rtentry2.o(.ARM.Collect$$rtentry$$0000000C)
    __rt_exit                                0x00000313   Thumb Code     0  rtexit.o(.ARM.Collect$$rtexit$$00000000)
    __rt_exit_ls                             0x00000315   Thumb Code     0  rtexit2.o(.ARM.Collect$$rtexit$$00000003)
    __rt_exit_prels_1                        0x00000315   Thumb Code     0  rtexit2.o(.ARM.Collect$$rtexit$$00000002)
    __rt_exit_exit                           0x00000319   Thumb Code     0  rtexit2.o(.ARM.Collect$$rtexit$$00000004)
    Clock_Delay                              0x00000321   Thumb Code     6  cortexm.o(.emb_text)
    DisableInterrupts                        0x00000329   Thumb Code     0  startup.o(.text)
    EnableInterrupts                         0x0000032d   Thumb Code     0  startup.o(.text)
    StartCritical                            0x00000331   Thumb Code     0  startup.o(.text)
    EndCritical                              0x00000339   Thumb Code     0  startup.o(.text)
    WaitForInterrupt                         0x0000033f   Thumb Code     0  startup.o(.text)
    __user_initial_stackheap                 0x00000343   Thumb Code     0  startup.o(.text)
    Random_Init                              0x00000359   Thumb Code     0  random.o(.text)
    Random32                                 0x0000035f   Thumb Code     2  random.o(.text)
    Random                                   0x00000371   Thumb Code     2  random.o(.text)
    __use_two_region_memory                  0x00000395   Thumb Code     2  heapauxi.o(.text)
    __rt_heap_escrow$2region                 0x00000397   Thumb Code     2  heapauxi.o(.text)
    __rt_heap_expand$2region                 0x00000399   Thumb Code     2  heapauxi.o(.text)
    __user_setup_stackheap                   0x0000039b   Thumb Code    74  sys_stackheap_outer.o(.text)
    exit                                     0x000003e5   Thumb Code    18  exit.o(.text)
    __user_libspace                          0x000003f9   Thumb Code     8  libspace.o(.text)
    __user_perproc_libspace                  0x000003f9   Thumb Code     0  libspace.o(.text)
    __user_perthread_libspace                0x000003f9   Thumb Code     0  libspace.o(.text)
    _sys_exit                                0x00000401   Thumb Code     8  sys_exit.o(.text)
    __I$use$semihosting                      0x0000040d   Thumb Code     0  use_no_semi.o(.text)
    __use_no_semihosting_swi                 0x0000040d   Thumb Code     2  use_no_semi.o(.text)
    __semihosting_library_function           0x0000040f   Thumb Code     0  indicate_semi.o(.text)
    ADC1_Init                                0x00000411   Thumb Code   176  texas.o(i.ADC1_Init)
    ADC_In                                   0x000004d9   Thumb Code    38  adc.o(i.ADC_In)
    ADC_Init                                 0x00000505   Thumb Code   206  adc.o(i.ADC_Init)
    Button_Init                              0x000005ed   Thumb Code   338  switch.o(i.Button_Init)
    Clock_Delay1ms                           0x00000769   Thumb Code    22  cortexm.o(i.Clock_Delay1ms)
    CreateMissile                            0x00000781   Thumb Code    78  lab10.o(i.CreateMissile)
    DAC_Init                                 0x000007e1   Thumb Code    58  dac.o(i.DAC_Init)
    DAC_Out                                  0x00000829   Thumb Code    24  dac.o(i.DAC_Out)
    Draw                                     0x00000849   Thumb Code   302  lab10.o(i.Draw)
    GPIOPortC_Handler                        0x00000999   Thumb Code    20  switch.o(i.GPIOPortC_Handler)
    GPIOPortE_Handler                        0x000009b9   Thumb Code    14  switch.o(i.GPIOPortE_Handler)
    I2C3_Init                                0x000009d1   Thumb Code   152  i2c3.o(i.I2C3_Init)
    I2C3_Send                                0x00000a7d   Thumb Code   220  i2c3.o(i.I2C3_Send)
    I2C3_Send2                               0x00000b5d   Thumb Code   106  i2c3.o(i.I2C3_Send2)
    I2C3_SendData                            0x00000bcd   Thumb Code   118  i2c3.o(i.I2C3_SendData)
    Init                                     0x00000c49   Thumb Code   222  lab10.o(i.Init)
    LogicAnalyzerTask                        0x00000d5d   Thumb Code    20  lab10.o(i.LogicAnalyzerTask)
    Move                                     0x00000d7d   Thumb Code   852  lab10.o(i.Move)
    PLL_Init                                 0x000010fd   Thumb Code   120  texas.o(i.PLL_Init)
    Profile_Init                             0x00001179   Thumb Code    76  lab10.o(i.Profile_Init)
    ReturnFire                               0x000011dd   Thumb Code   114  lab10.o(i.ReturnFire)
    SSD1306_ClearBuffer                      0x0000125d   Thumb Code    30  ssd1306.o(i.SSD1306_ClearBuffer)
    SSD1306_DrawBMP                          0x00001281   Thumb Code   532  ssd1306.o(i.SSD1306_DrawBMP)
    SSD1306_DrawChar                         0x00001499   Thumb Code   100  ssd1306.o(i.SSD1306_DrawChar)
    SSD1306_DrawPixel                        0x00001501   Thumb Code   240  ssd1306.o(i.SSD1306_DrawPixel)
    SSD1306_DrawString                       0x000015f9   Thumb Code    38  ssd1306.o(i.SSD1306_DrawString)
    SSD1306_DrawUDec2                        0x0000161f   Thumb Code   120  lab10.o(i.SSD1306_DrawUDec2)
    SSD1306_Init                             0x00001699   Thumb Code   158  ssd1306.o(i.SSD1306_Init)
    SSD1306_OutBuffer                        0x00001755   Thumb Code    30  ssd1306.o(i.SSD1306_OutBuffer)
    SSD1306_OutChar                          0x0000177d   Thumb Code   238  ssd1306.o(i.SSD1306_OutChar)
    SSD1306_OutClear                         0x00001881   Thumb Code    12  ssd1306.o(i.SSD1306_OutClear)
    SSD1306_OutString                        0x0000188d   Thumb Code    22  ssd1306.o(i.SSD1306_OutString)
    SSD1306_OutUDec                          0x000018a5   Thumb Code   394  ssd1306.o(i.SSD1306_OutUDec)
    SSD1306_SetCursor                        0x00001a41   Thumb Code    94  ssd1306.o(i.SSD1306_SetCursor)
    SoundTask                                0x00001ab1   Thumb Code    58  sound.o(i.SoundTask)
    Sound_Explosion                          0x00001af9   Thumb Code    14  sound.o(i.Sound_Explosion)
    Sound_HighPitch                          0x00001b0d   Thumb Code    14  sound.o(i.Sound_HighPitch)
    Sound_Init                               0x00001b21   Thumb Code    24  sound.o(i.Sound_Init)
    Sound_Shoot                              0x00001b41   Thumb Code    14  sound.o(i.Sound_Shoot)
    Sound_Start                              0x00001b55   Thumb Code    18  sound.o(i.Sound_Start)
    SysTick_Handler                          0x00001b75   Thumb Code     8  lab10.o(i.SysTick_Handler)
    SysTick_Init                             0x00001b7d   Thumb Code    42  lab10.o(i.SysTick_Init)
    TExaS_Init                               0x00001bad   Thumb Code    92  texas.o(i.TExaS_Init)
    Timer0A_Handler                          0x00001c1d   Thumb Code    16  timer0.o(i.Timer0A_Handler)
    Timer0_Init                              0x00001c35   Thumb Code    74  timer0.o(i.Timer0_Init)
    Timer1A_Handler                          0x00001c95   Thumb Code    16  timer1.o(i.Timer1A_Handler)
    Timer5A_Handler                          0x00001cad   Thumb Code    16  texas.o(i.Timer5A_Handler)
    UART0_Init                               0x00001cc5   Thumb Code   152  texas.o(i.UART0_Init)
    main                                     0x00001d71   Thumb Code   696  lab10.o(i.main)
    ssd1306command                           0x00002079   Thumb Code    16  ssd1306.o(i.ssd1306command)
    ssd1306command1                          0x00002089   Thumb Code    16  ssd1306.o(i.ssd1306command1)
    ssd1306commandList                       0x00002099   Thumb Code    18  ssd1306.o(i.ssd1306commandList)
    __aeabi_dadd                             0x000020ad   Thumb Code     0  daddsub_clz.o(x$fpl$dadd)
    _dadd                                    0x000020ad   Thumb Code   332  daddsub_clz.o(x$fpl$dadd)
    __fpl_dcmp_Inf                           0x000021fd   Thumb Code    24  dcmpi.o(x$fpl$dcmpinf)
    __aeabi_d2uiz                            0x00002215   Thumb Code     0  dfixu.o(x$fpl$dfixu)
    _dfixu                                   0x00002215   Thumb Code    90  dfixu.o(x$fpl$dfixu)
    __aeabi_cdcmple                          0x00002271   Thumb Code     0  dleqf.o(x$fpl$dleqf)
    _dcmple                                  0x00002271   Thumb Code   120  dleqf.o(x$fpl$dleqf)
    __fpl_dcmple_InfNaN                      0x000022d3   Thumb Code     0  dleqf.o(x$fpl$dleqf)
    __fpl_dnaninf                            0x000022e9   Thumb Code   156  dnaninf.o(x$fpl$dnaninf)
    __fpl_dretinf                            0x00002385   Thumb Code    12  dretinf.o(x$fpl$dretinf)
    __aeabi_cdrcmple                         0x00002391   Thumb Code     0  drleqf.o(x$fpl$drleqf)
    _drcmple                                 0x00002391   Thumb Code   108  drleqf.o(x$fpl$drleqf)
    __aeabi_dsub                             0x000023fd   Thumb Code     0  daddsub_clz.o(x$fpl$dsub)
    _dsub                                    0x000023fd   Thumb Code   464  daddsub_clz.o(x$fpl$dsub)
    Alien10pointA                            0x000025d0   Data         183  lab10.o(.constdata)
    __I$use$fp                               0x000025d0   Number         0  usenofp.o(x$fpl$usenofp)
    Alien20pointA                            0x00002687   Data         183  lab10.o(.constdata)
    AlienBossA                               0x0000273e   Data         183  lab10.o(.constdata)
    BigExplosion0                            0x000027f5   Data         183  lab10.o(.constdata)
    Laser0                                   0x000028ac   Data         143  lab10.o(.constdata)
    Laser1                                   0x0000293b   Data         143  lab10.o(.constdata)
    Missile0                                 0x000029ca   Data         151  lab10.o(.constdata)
    Missile1                                 0x00002a61   Data         151  lab10.o(.constdata)
    PlayerShip0                              0x00002af8   Data         167  lab10.o(.constdata)
    PlayerShip1                              0x00002b9f   Data         167  lab10.o(.constdata)
    SpaceInvadersMarquee                     0x00002c46   Data        3959  lab10.o(.constdata)
    heart                                    0x00003bbd   Data         135  lab10.o(.constdata)
    GameOver_English                         0x00003c44   Data          11  lab10.o(.constdata)
    Score_English                            0x00003c4f   Data          12  lab10.o(.constdata)
    Restart1_English                         0x00003c5b   Data          14  lab10.o(.constdata)
    Restart2_English                         0x00003c69   Data          11  lab10.o(.constdata)
    Paused_English                           0x00003c74   Data          12  lab10.o(.constdata)
    GameOver_Spanish                         0x00003c80   Data          17  lab10.o(.constdata)
    Score_Spanish                            0x00003c91   Data          13  lab10.o(.constdata)
    Restart1_Spanish                         0x00003c9e   Data          18  lab10.o(.constdata)
    Restart2_Spanish                         0x00003cb0   Data          14  lab10.o(.constdata)
    Paused_Spanish                           0x00003cbe   Data          15  lab10.o(.constdata)
    shoot                                    0x00003ccd   Data        4080  sound.o(.constdata)
    invaderkilled                            0x00004cbd   Data        3377  sound.o(.constdata)
    explosion                                0x000059ee   Data        2000  sound.o(.constdata)
    fastinvader1                             0x000061be   Data         982  sound.o(.constdata)
    fastinvader2                             0x00006594   Data        1042  sound.o(.constdata)
    fastinvader3                             0x000069a6   Data        1054  sound.o(.constdata)
    highpitch                                0x00006dc4   Data        1802  sound.o(.constdata)
    Region$$Table$$Base                      0x00007a54   Number         0  anon$$obj.o(Region$$Table)
    Region$$Table$$Limit                     0x00007a74   Number         0  anon$$obj.o(Region$$Table)
    SW1                                      0x20000000   Data           1  lab10.o(.data)
    SW2                                      0x20000001   Data           1  lab10.o(.data)
    last                                     0x20000002   Data           1  lab10.o(.data)
    random                                   0x20000004   Data           4  lab10.o(.data)
    score                                    0x20000008   Data           4  lab10.o(.data)
    selLanguage                              0x2000000c   Data           1  lab10.o(.data)
    phrases                                  0x20000010   Data          40  lab10.o(.data)
    lives                                    0x20000038   Data           1  lab10.o(.data)
    NeedToDraw                               0x2000003c   Data           4  lab10.o(.data)
    PeriodicTask0                            0x20000040   Data           4  timer0.o(.data)
    PeriodicTask1                            0x20000044   Data           4  timer1.o(.data)
    Length                                   0x20000048   Data           4  sound.o(.data)
    SoundPt                                  0x2000004c   Data           4  sound.o(.data)
    vccstate                                 0x20000050   Data           4  ssd1306.o(.data)
    rotation                                 0x20000054   Data           4  ssd1306.o(.data)
    StartX                                   0x20000072   Data           2  ssd1306.o(.data)
    CurrentX                                 0x20000074   Data           2  ssd1306.o(.data)
    StartY                                   0x20000076   Data           2  ssd1306.o(.data)
    CurrentY                                 0x20000078   Data           2  ssd1306.o(.data)
    sendDataPt                               0x2000007c   Data           4  texas.o(.data)
    Enemies                                  0x20000088   Data         192  lab10.o(.bss)
    eLasers                                  0x20000148   Data         192  lab10.o(.bss)
    Player                                   0x20000208   Data          32  lab10.o(.bss)
    Missiles                                 0x20000228   Data         640  lab10.o(.bss)
    buffer                                   0x200004a8   Data        1024  ssd1306.o(.bss)
    __libspace_start                         0x200008a8   Data          96  libspace.o(.bss)
    __temporary_stack_top$libspace           0x20000908   Data           0  libspace.o(.bss)



==============================================================================

Memory Map of the image

  Image Entry point : 0x0000026d

  Load Region LR_1 (Base: 0x00000000, Size: 0x00007af8, Max: 0xffffffff, ABSOLUTE)

    Execution Region ER_RO (Exec base: 0x00000000, Load base: 0x00000000, Size: 0x00007a74, Max: 0xffffffff, ABSOLUTE)

    Exec Addr    Load Addr    Size         Type   Attr      Idx    E Section Name        Object

    0x00000000   0x00000000   0x00000284   Code   RO            3  * RESET               startup.o
    0x00000284   0x00000284   0x00000008   Code   RO          710  * !!!main             c_w.l(__main.o)
    0x0000028c   0x0000028c   0x00000034   Code   RO          890    !!!scatter          c_w.l(__scatter.o)
    0x000002c0   0x000002c0   0x0000001a   Code   RO          892    !!handler_copy      c_w.l(__scatter_copy.o)
    0x000002da   0x000002da   0x00000002   PAD
    0x000002dc   0x000002dc   0x0000001c   Code   RO          894    !!handler_zi        c_w.l(__scatter_zi.o)
    0x000002f8   0x000002f8   0x00000002   Code   RO          758    .ARM.Collect$$libinit$$00000000  c_w.l(libinit.o)
    0x000002fa   0x000002fa   0x00000000   Code   RO          765    .ARM.Collect$$libinit$$00000002  c_w.l(libinit2.o)
    0x000002fa   0x000002fa   0x00000000   Code   RO          767    .ARM.Collect$$libinit$$00000004  c_w.l(libinit2.o)
    0x000002fa   0x000002fa   0x00000000   Code   RO          770    .ARM.Collect$$libinit$$0000000A  c_w.l(libinit2.o)
    0x000002fa   0x000002fa   0x00000000   Code   RO          772    .ARM.Collect$$libinit$$0000000C  c_w.l(libinit2.o)
    0x000002fa   0x000002fa   0x00000000   Code   RO          774    .ARM.Collect$$libinit$$0000000E  c_w.l(libinit2.o)
    0x000002fa   0x000002fa   0x00000000   Code   RO          777    .ARM.Collect$$libinit$$00000011  c_w.l(libinit2.o)
    0x000002fa   0x000002fa   0x00000000   Code   RO          779    .ARM.Collect$$libinit$$00000013  c_w.l(libinit2.o)
    0x000002fa   0x000002fa   0x00000000   Code   RO          781    .ARM.Collect$$libinit$$00000015  c_w.l(libinit2.o)
    0x000002fa   0x000002fa   0x00000000   Code   RO          783    .ARM.Collect$$libinit$$00000017  c_w.l(libinit2.o)
    0x000002fa   0x000002fa   0x00000000   Code   RO          785    .ARM.Collect$$libinit$$00000019  c_w.l(libinit2.o)
    0x000002fa   0x000002fa   0x00000000   Code   RO          787    .ARM.Collect$$libinit$$0000001B  c_w.l(libinit2.o)
    0x000002fa   0x000002fa   0x00000000   Code   RO          789    .ARM.Collect$$libinit$$0000001D  c_w.l(libinit2.o)
    0x000002fa   0x000002fa   0x00000000   Code   RO          791    .ARM.Collect$$libinit$$0000001F  c_w.l(libinit2.o)
    0x000002fa   0x000002fa   0x00000000   Code   RO          793    .ARM.Collect$$libinit$$00000021  c_w.l(libinit2.o)
    0x000002fa   0x000002fa   0x00000000   Code   RO          795    .ARM.Collect$$libinit$$00000023  c_w.l(libinit2.o)
    0x000002fa   0x000002fa   0x00000000   Code   RO          797    .ARM.Collect$$libinit$$00000025  c_w.l(libinit2.o)
    0x000002fa   0x000002fa   0x00000000   Code   RO          801    .ARM.Collect$$libinit$$0000002C  c_w.l(libinit2.o)
    0x000002fa   0x000002fa   0x00000000   Code   RO          803    .ARM.Collect$$libinit$$0000002E  c_w.l(libinit2.o)
    0x000002fa   0x000002fa   0x00000000   Code   RO          805    .ARM.Collect$$libinit$$00000030  c_w.l(libinit2.o)
    0x000002fa   0x000002fa   0x00000000   Code   RO          807    .ARM.Collect$$libinit$$00000032  c_w.l(libinit2.o)
    0x000002fa   0x000002fa   0x00000002   Code   RO          808    .ARM.Collect$$libinit$$00000033  c_w.l(libinit2.o)
    0x000002fc   0x000002fc   0x00000002   Code   RO          828    .ARM.Collect$$libshutdown$$00000000  c_w.l(libshutdown.o)
    0x000002fe   0x000002fe   0x00000000   Code   RO          841    .ARM.Collect$$libshutdown$$00000002  c_w.l(libshutdown2.o)
    0x000002fe   0x000002fe   0x00000000   Code   RO          843    .ARM.Collect$$libshutdown$$00000004  c_w.l(libshutdown2.o)
    0x000002fe   0x000002fe   0x00000000   Code   RO          845    .ARM.Collect$$libshutdown$$00000006  c_w.l(libshutdown2.o)
    0x000002fe   0x000002fe   0x00000000   Code   RO          848    .ARM.Collect$$libshutdown$$00000009  c_w.l(libshutdown2.o)
    0x000002fe   0x000002fe   0x00000000   Code   RO          851    .ARM.Collect$$libshutdown$$0000000C  c_w.l(libshutdown2.o)
    0x000002fe   0x000002fe   0x00000000   Code   RO          853    .ARM.Collect$$libshutdown$$0000000E  c_w.l(libshutdown2.o)
    0x000002fe   0x000002fe   0x00000000   Code   RO          856    .ARM.Collect$$libshutdown$$00000011  c_w.l(libshutdown2.o)
    0x000002fe   0x000002fe   0x00000002   Code   RO          857    .ARM.Collect$$libshutdown$$00000012  c_w.l(libshutdown2.o)
    0x00000300   0x00000300   0x00000000   Code   RO          726    .ARM.Collect$$rtentry$$00000000  c_w.l(__rtentry.o)
    0x00000300   0x00000300   0x00000000   Code   RO          735    .ARM.Collect$$rtentry$$00000002  c_w.l(__rtentry2.o)
    0x00000300   0x00000300   0x00000006   Code   RO          747    .ARM.Collect$$rtentry$$00000004  c_w.l(__rtentry4.o)
    0x00000306   0x00000306   0x00000000   Code   RO          737    .ARM.Collect$$rtentry$$00000009  c_w.l(__rtentry2.o)
    0x00000306   0x00000306   0x00000004   Code   RO          738    .ARM.Collect$$rtentry$$0000000A  c_w.l(__rtentry2.o)
    0x0000030a   0x0000030a   0x00000000   Code   RO          740    .ARM.Collect$$rtentry$$0000000C  c_w.l(__rtentry2.o)
    0x0000030a   0x0000030a   0x00000008   Code   RO          741    .ARM.Collect$$rtentry$$0000000D  c_w.l(__rtentry2.o)
    0x00000312   0x00000312   0x00000002   Code   RO          762    .ARM.Collect$$rtexit$$00000000  c_w.l(rtexit.o)
    0x00000314   0x00000314   0x00000000   Code   RO          810    .ARM.Collect$$rtexit$$00000002  c_w.l(rtexit2.o)
    0x00000314   0x00000314   0x00000004   Code   RO          811    .ARM.Collect$$rtexit$$00000003  c_w.l(rtexit2.o)
    0x00000318   0x00000318   0x00000006   Code   RO          812    .ARM.Collect$$rtexit$$00000004  c_w.l(rtexit2.o)
    0x0000031e   0x0000031e   0x00000002   PAD
    0x00000320   0x00000320   0x00000006   Code   RO          145    .emb_text           cortexm.o
    0x00000326   0x00000326   0x00000002   PAD
    0x00000328   0x00000328   0x00000030   Code   RO            4    .text               startup.o
    0x00000358   0x00000358   0x0000003c   Code   RO           13    .text               random.o
    0x00000394   0x00000394   0x00000006   Code   RO          708    .text               c_w.l(heapauxi.o)
    0x0000039a   0x0000039a   0x0000004a   Code   RO          749    .text               c_w.l(sys_stackheap_outer.o)
    0x000003e4   0x000003e4   0x00000012   Code   RO          751    .text               c_w.l(exit.o)
    0x000003f6   0x000003f6   0x00000002   PAD
    0x000003f8   0x000003f8   0x00000008   Code   RO          759    .text               c_w.l(libspace.o)
    0x00000400   0x00000400   0x0000000c   Code   RO          820    .text               c_w.l(sys_exit.o)
    0x0000040c   0x0000040c   0x00000002   Code   RO          831    .text               c_w.l(use_no_semi.o)
    0x0000040e   0x0000040e   0x00000000   Code   RO          833    .text               c_w.l(indicate_semi.o)
    0x0000040e   0x0000040e   0x00000002   PAD
    0x00000410   0x00000410   0x000000c8   Code   RO          661    i.ADC1_Init         texas.o
    0x000004d8   0x000004d8   0x0000002c   Code   RO          179    i.ADC_In            adc.o
    0x00000504   0x00000504   0x000000e8   Code   RO          180    i.ADC_Init          adc.o
    0x000005ec   0x000005ec   0x0000017c   Code   RO          633    i.Button_Init       switch.o
    0x00000768   0x00000768   0x00000016   Code   RO          146    i.Clock_Delay1ms    cortexm.o
    0x0000077e   0x0000077e   0x00000002   PAD
    0x00000780   0x00000780   0x00000060   Code   RO           16    i.CreateMissile     lab10.o
    0x000007e0   0x000007e0   0x00000048   Code   RO          161    i.DAC_Init          dac.o
    0x00000828   0x00000828   0x00000020   Code   RO          162    i.DAC_Out           dac.o
    0x00000848   0x00000848   0x00000150   Code   RO           18    i.Draw              lab10.o
    0x00000998   0x00000998   0x00000020   Code   RO          634    i.GPIOPortC_Handler  switch.o
    0x000009b8   0x000009b8   0x00000018   Code   RO          635    i.GPIOPortE_Handler  switch.o
    0x000009d0   0x000009d0   0x000000ac   Code   RO          297    i.I2C3_Init         i2c3.o
    0x00000a7c   0x00000a7c   0x000000e0   Code   RO          302    i.I2C3_Send         i2c3.o
    0x00000b5c   0x00000b5c   0x00000070   Code   RO          304    i.I2C3_Send2        i2c3.o
    0x00000bcc   0x00000bcc   0x0000007c   Code   RO          306    i.I2C3_SendData     i2c3.o
    0x00000c48   0x00000c48   0x00000114   Code   RO           19    i.Init              lab10.o
    0x00000d5c   0x00000d5c   0x00000020   Code   RO           20    i.LogicAnalyzerTask  lab10.o
    0x00000d7c   0x00000d7c   0x00000380   Code   RO           21    i.Move              lab10.o
    0x000010fc   0x000010fc   0x0000007c   Code   RO          662    i.PLL_Init          texas.o
    0x00001178   0x00001178   0x00000064   Code   RO           22    i.Profile_Init      lab10.o
    0x000011dc   0x000011dc   0x00000080   Code   RO           23    i.ReturnFire        lab10.o
    0x0000125c   0x0000125c   0x00000024   Code   RO          366    i.SSD1306_ClearBuffer  ssd1306.o
    0x00001280   0x00001280   0x00000218   Code   RO          368    i.SSD1306_DrawBMP   ssd1306.o
    0x00001498   0x00001498   0x00000068   Code   RO          369    i.SSD1306_DrawChar  ssd1306.o
    0x00001500   0x00001500   0x000000f8   Code   RO          373    i.SSD1306_DrawPixel  ssd1306.o
    0x000015f8   0x000015f8   0x00000026   Code   RO          375    i.SSD1306_DrawString  ssd1306.o
    0x0000161e   0x0000161e   0x00000078   Code   RO           24    i.SSD1306_DrawUDec2  lab10.o
    0x00001696   0x00001696   0x00000002   PAD
    0x00001698   0x00001698   0x000000bc   Code   RO          378    i.SSD1306_Init      ssd1306.o
    0x00001754   0x00001754   0x00000028   Code   RO          380    i.SSD1306_OutBuffer  ssd1306.o
    0x0000177c   0x0000177c   0x00000104   Code   RO          381    i.SSD1306_OutChar   ssd1306.o
    0x00001880   0x00001880   0x0000000c   Code   RO          382    i.SSD1306_OutClear  ssd1306.o
    0x0000188c   0x0000188c   0x00000016   Code   RO          386    i.SSD1306_OutString  ssd1306.o
    0x000018a2   0x000018a2   0x00000002   PAD
    0x000018a4   0x000018a4   0x0000019c   Code   RO          387    i.SSD1306_OutUDec   ssd1306.o
    0x00001a40   0x00001a40   0x00000070   Code   RO          392    i.SSD1306_SetCursor  ssd1306.o
    0x00001ab0   0x00001ab0   0x00000048   Code   RO          239    i.SoundTask         sound.o
    0x00001af8   0x00001af8   0x00000014   Code   RO          240    i.Sound_Explosion   sound.o
    0x00001b0c   0x00001b0c   0x00000014   Code   RO          241    i.Sound_HighPitch   sound.o
    0x00001b20   0x00001b20   0x00000020   Code   RO          242    i.Sound_Init        sound.o
    0x00001b40   0x00001b40   0x00000014   Code   RO          244    i.Sound_Shoot       sound.o
    0x00001b54   0x00001b54   0x00000020   Code   RO          245    i.Sound_Start       sound.o
    0x00001b74   0x00001b74   0x00000008   Code   RO           26    i.SysTick_Handler   lab10.o
    0x00001b7c   0x00001b7c   0x00000030   Code   RO           27    i.SysTick_Init      lab10.o
    0x00001bac   0x00001bac   0x00000070   Code   RO          663    i.TExaS_Init        texas.o
    0x00001c1c   0x00001c1c   0x00000018   Code   RO          197    i.Timer0A_Handler   timer0.o
    0x00001c34   0x00001c34   0x00000060   Code   RO          198    i.Timer0_Init       timer0.o
    0x00001c94   0x00001c94   0x00000018   Code   RO          218    i.Timer1A_Handler   timer1.o
    0x00001cac   0x00001cac   0x00000018   Code   RO          665    i.Timer5A_Handler   texas.o
    0x00001cc4   0x00001cc4   0x000000ac   Code   RO          666    i.UART0_Init        texas.o
    0x00001d70   0x00001d70   0x00000308   Code   RO           28    i.main              lab10.o
    0x00002078   0x00002078   0x00000010   Code   RO          402    i.ssd1306command    ssd1306.o
    0x00002088   0x00002088   0x00000010   Code   RO          403    i.ssd1306command1   ssd1306.o
    0x00002098   0x00002098   0x00000012   Code   RO          404    i.ssd1306commandList  ssd1306.o
    0x000020aa   0x000020aa   0x00000002   PAD
    0x000020ac   0x000020ac   0x00000150   Code   RO          712    x$fpl$dadd          fz_ws.l(daddsub_clz.o)
    0x000021fc   0x000021fc   0x00000018   Code   RO          727    x$fpl$dcmpinf       fz_ws.l(dcmpi.o)
    0x00002214   0x00002214   0x0000005a   Code   RO          718    x$fpl$dfixu         fz_ws.l(dfixu.o)
    0x0000226e   0x0000226e   0x00000002   PAD
    0x00002270   0x00002270   0x00000078   Code   RO          722    x$fpl$dleqf         fz_ws.l(dleqf.o)
    0x000022e8   0x000022e8   0x0000009c   Code   RO          729    x$fpl$dnaninf       fz_ws.l(dnaninf.o)
    0x00002384   0x00002384   0x0000000c   Code   RO          731    x$fpl$dretinf       fz_ws.l(dretinf.o)
    0x00002390   0x00002390   0x0000006c   Code   RO          724    x$fpl$drleqf        fz_ws.l(drleqf.o)
    0x000023fc   0x000023fc   0x000001d4   Code   RO          714    x$fpl$dsub          fz_ws.l(daddsub_clz.o)
    0x000025d0   0x000025d0   0x00000000   Code   RO          733    x$fpl$usenofp       fz_ws.l(usenofp.o)
    0x000025d0   0x000025d0   0x000016fd   Data   RO           30    .constdata          lab10.o
    0x00003ccd   0x00003ccd   0x00003801   Data   RO          246    .constdata          sound.o
    0x000074ce   0x000074ce   0x00000585   Data   RO          408    .constdata          ssd1306.o
    0x00007a53   0x00007a53   0x00000001   PAD
    0x00007a54   0x00007a54   0x00000020   Data   RO          888    Region$$Table       anon$$obj.o


    Execution Region ER_RW (Exec base: 0x20000000, Load base: 0x00007a74, Size: 0x00000084, Max: 0xffffffff, ABSOLUTE)

    Exec Addr    Load Addr    Size         Type   Attr      Idx    E Section Name        Object

    0x20000000   0x00007a74   0x00000040   Data   RW           31    .data               lab10.o
    0x20000040   0x00007ab4   0x00000004   Data   RW          199    .data               timer0.o
    0x20000044   0x00007ab8   0x00000004   Data   RW          220    .data               timer1.o
    0x20000048   0x00007abc   0x00000008   Data   RW          247    .data               sound.o
    0x20000050   0x00007ac4   0x0000002a   Data   RW          409    .data               ssd1306.o
    0x2000007a   0x00007aee   0x00000002   PAD
    0x2000007c   0x00007af0   0x00000004   Data   RW          667    .data               texas.o
    0x20000080   0x00007af4   0x00000004   Data   RW           12    DATA                random.o


    Execution Region ER_ZI (Exec base: 0x20000084, Load base: 0x00007af8, Size: 0x00000c84, Max: 0xffffffff, ABSOLUTE)

    Exec Addr    Load Addr    Size         Type   Attr      Idx    E Section Name        Object

    0x20000084   0x00007af8   0x00000004   PAD
    0x20000088        -       0x00000420   Zero   RW           29    .bss                lab10.o
    0x200004a8        -       0x00000400   Zero   RW          407    .bss                ssd1306.o
    0x200008a8        -       0x00000060   Zero   RW          760    .bss                c_w.l(libspace.o)
    0x20000908        -       0x00000000   Zero   RW            2    HEAP                startup.o
    0x20000908        -       0x00000400   Zero   RW            1    STACK               startup.o


==============================================================================

Image component sizes


      Code (inc. data)   RO Data    RW Data    ZI Data      Debug   Object Name

       276         32          0          0          0        912   adc.o
        28          0          0          0          0        801   cortexm.o
       104         22          0          0          0        777   dac.o
       632         36          0          0          0       3125   i2c3.o
      2816        286       5885         64       1056      14294   lab10.o
        60         14          0          4          0        232   random.o
       196         54      14337          8          0       3389   sound.o
      2058        120       1413         42       1024      11441   ssd1306.o
       692        632          0          0       1024        972   startup.o
       436         64          0          0          0       1270   switch.o
       632         76          0          4          0       3612   texas.o
       120         30          0          4          0       1400   timer0.o
        24          8          0          4          0        910   timer1.o

    ----------------------------------------------------------------------
      8084       1374      21668        132       3108      43135   Object Totals
         0          0         32          0          0          0   (incl. Generated)
        10          0          1          2          4          0   (incl. Padding)

    ----------------------------------------------------------------------

      Code (inc. data)   RO Data    RW Data    ZI Data      Debug   Library Member Name

         8          0          0          0          0         68   __main.o
         0          0          0          0          0          0   __rtentry.o
        12          0          0          0          0          0   __rtentry2.o
         6          0          0          0          0          0   __rtentry4.o
        52          8          0          0          0          0   __scatter.o
        26          0          0          0          0          0   __scatter_copy.o
        28          0          0          0          0          0   __scatter_zi.o
        18          0          0          0          0         80   exit.o
         6          0          0          0          0        152   heapauxi.o
         0          0          0          0          0          0   indicate_semi.o
         2          0          0          0          0          0   libinit.o
         2          0          0          0          0          0   libinit2.o
         2          0          0          0          0          0   libshutdown.o
         2          0          0          0          0          0   libshutdown2.o
         8          4          0          0         96         68   libspace.o
         2          0          0          0          0          0   rtexit.o
        10          0          0          0          0          0   rtexit2.o
        12          4          0          0          0         68   sys_exit.o
        74          0          0          0          0         80   sys_stackheap_outer.o
         2          0          0          0          0         68   use_no_semi.o
       804         16          0          0          0        272   daddsub_clz.o
        24          0          0          0          0         68   dcmpi.o
        90          4          0          0          0         92   dfixu.o
       120          4          0          0          0         92   dleqf.o
       156          4          0          0          0         92   dnaninf.o
        12          0          0          0          0         68   dretinf.o
       108          0          0          0          0         80   drleqf.o
         0          0          0          0          0          0   usenofp.o

    ----------------------------------------------------------------------
      1596         44          0          0         96       1348   Library Totals
        10          0          0          0          0          0   (incl. Padding)

    ----------------------------------------------------------------------

      Code (inc. data)   RO Data    RW Data    ZI Data      Debug   Library Name

       272         16          0          0         96        584   c_w.l
      1314         28          0          0          0        764   fz_ws.l

    ----------------------------------------------------------------------
      1596         44          0          0         96       1348   Library Totals

    ----------------------------------------------------------------------

==============================================================================


      Code (inc. data)   RO Data    RW Data    ZI Data      Debug   

      9680       1418      21668        132       3204      41359   Grand Totals
      9680       1418      21668        132       3204      41359   ELF Image Totals
      9680       1418      21668        132          0          0   ROM Totals

==============================================================================

    Total RO  Size (Code + RO Data)                31348 (  30.61kB)
    Total RW  Size (RW Data + ZI Data)              3336 (   3.26kB)
    Total ROM Size (Code + RO Data + RW Data)      31480 (  30.74kB)

==============================================================================

